Component: ARM Compiler 5.06 update 5 (build 528) Tool: armlink [4d35e2]

==============================================================================

Section Cross References

    startup_stm32f10x_md.o(STACK) refers (Special) to heapauxi.o(.text) for __use_two_region_memory
    startup_stm32f10x_md.o(HEAP) refers (Special) to heapauxi.o(.text) for __use_two_region_memory
    startup_stm32f10x_md.o(RESET) refers (Special) to heapauxi.o(.text) for __use_two_region_memory
    startup_stm32f10x_md.o(RESET) refers to startup_stm32f10x_md.o(STACK) for __initial_sp
    startup_stm32f10x_md.o(RESET) refers to startup_stm32f10x_md.o(.text) for Reset_Handler
    startup_stm32f10x_md.o(RESET) refers to stm32f10x_it.o(i.NMI_Handler) for NMI_Handler
    startup_stm32f10x_md.o(RESET) refers to stm32f10x_it.o(i.HardFault_Handler) for HardFault_Handler
    startup_stm32f10x_md.o(RESET) refers to stm32f10x_it.o(i.MemManage_Handler) for MemManage_Handler
    startup_stm32f10x_md.o(RESET) refers to stm32f10x_it.o(i.BusFault_Handler) for BusFault_Handler
    startup_stm32f10x_md.o(RESET) refers to stm32f10x_it.o(i.UsageFault_Handler) for UsageFault_Handler
    startup_stm32f10x_md.o(RESET) refers to stm32f10x_it.o(i.SVC_Handler) for SVC_Handler
    startup_stm32f10x_md.o(RESET) refers to stm32f10x_it.o(i.DebugMon_Handler) for DebugMon_Handler
    startup_stm32f10x_md.o(RESET) refers to stm32f10x_it.o(i.PendSV_Handler) for PendSV_Handler
    startup_stm32f10x_md.o(RESET) refers to stm32f10x_it.o(i.SysTick_Handler) for SysTick_Handler
    startup_stm32f10x_md.o(RESET) refers to usart.o(i.USART1_IRQHandler) for USART1_IRQHandler
    startup_stm32f10x_md.o(.text) refers (Special) to heapauxi.o(.text) for __use_two_region_memory
    startup_stm32f10x_md.o(.text) refers to system_stm32f10x.o(i.SystemInit) for SystemInit
    startup_stm32f10x_md.o(.text) refers to __main.o(!!!main) for __main
    startup_stm32f10x_md.o(.text) refers to startup_stm32f10x_md.o(HEAP) for Heap_Mem
    startup_stm32f10x_md.o(.text) refers to startup_stm32f10x_md.o(STACK) for Stack_Mem
    system_stm32f10x.o(i.SetSysClock) refers to system_stm32f10x.o(i.SetSysClockTo72) for SetSysClockTo72
    system_stm32f10x.o(i.SystemCoreClockUpdate) refers to system_stm32f10x.o(.data) for SystemCoreClock
    system_stm32f10x.o(i.SystemInit) refers to system_stm32f10x.o(i.SetSysClock) for SetSysClock
    stm32f10x_adc.o(i.ADC_DeInit) refers to stm32f10x_rcc.o(i.RCC_APB2PeriphResetCmd) for RCC_APB2PeriphResetCmd
    stm32f10x_bkp.o(i.BKP_DeInit) refers to stm32f10x_rcc.o(i.RCC_BackupResetCmd) for RCC_BackupResetCmd
    stm32f10x_can.o(i.CAN_DeInit) refers to stm32f10x_rcc.o(i.RCC_APB1PeriphResetCmd) for RCC_APB1PeriphResetCmd
    stm32f10x_can.o(i.CAN_GetITStatus) refers to stm32f10x_can.o(i.CheckITStatus) for CheckITStatus
    stm32f10x_cec.o(i.CEC_DeInit) refers to stm32f10x_rcc.o(i.RCC_APB1PeriphResetCmd) for RCC_APB1PeriphResetCmd
    stm32f10x_dac.o(i.DAC_DeInit) refers to stm32f10x_rcc.o(i.RCC_APB1PeriphResetCmd) for RCC_APB1PeriphResetCmd
    stm32f10x_flash.o(i.FLASH_EnableWriteProtection) refers to stm32f10x_flash.o(i.FLASH_WaitForLastOperation) for FLASH_WaitForLastOperation
    stm32f10x_flash.o(i.FLASH_EraseAllBank1Pages) refers to stm32f10x_flash.o(i.FLASH_WaitForLastBank1Operation) for FLASH_WaitForLastBank1Operation
    stm32f10x_flash.o(i.FLASH_EraseAllPages) refers to stm32f10x_flash.o(i.FLASH_WaitForLastOperation) for FLASH_WaitForLastOperation
    stm32f10x_flash.o(i.FLASH_EraseOptionBytes) refers to stm32f10x_flash.o(i.FLASH_GetReadOutProtectionStatus) for FLASH_GetReadOutProtectionStatus
    stm32f10x_flash.o(i.FLASH_EraseOptionBytes) refers to stm32f10x_flash.o(i.FLASH_WaitForLastOperation) for FLASH_WaitForLastOperation
    stm32f10x_flash.o(i.FLASH_ErasePage) refers to stm32f10x_flash.o(i.FLASH_WaitForLastOperation) for FLASH_WaitForLastOperation
    stm32f10x_flash.o(i.FLASH_ProgramHalfWord) refers to stm32f10x_flash.o(i.FLASH_WaitForLastOperation) for FLASH_WaitForLastOperation
    stm32f10x_flash.o(i.FLASH_ProgramOptionByteData) refers to stm32f10x_flash.o(i.FLASH_WaitForLastOperation) for FLASH_WaitForLastOperation
    stm32f10x_flash.o(i.FLASH_ProgramWord) refers to stm32f10x_flash.o(i.FLASH_WaitForLastOperation) for FLASH_WaitForLastOperation
    stm32f10x_flash.o(i.FLASH_ReadOutProtection) refers to stm32f10x_flash.o(i.FLASH_WaitForLastOperation) for FLASH_WaitForLastOperation
    stm32f10x_flash.o(i.FLASH_UserOptionByteConfig) refers to stm32f10x_flash.o(i.FLASH_WaitForLastOperation) for FLASH_WaitForLastOperation
    stm32f10x_flash.o(i.FLASH_WaitForLastBank1Operation) refers to stm32f10x_flash.o(i.FLASH_GetBank1Status) for FLASH_GetBank1Status
    stm32f10x_flash.o(i.FLASH_WaitForLastOperation) refers to stm32f10x_flash.o(i.FLASH_GetBank1Status) for FLASH_GetBank1Status
    stm32f10x_gpio.o(i.GPIO_AFIODeInit) refers to stm32f10x_rcc.o(i.RCC_APB2PeriphResetCmd) for RCC_APB2PeriphResetCmd
[...]
    Removing stm32f10x_usart.o(i.USART_OneBitMethodCmd), (24 bytes).
    Removing stm32f10x_usart.o(i.USART_OverSampling8Cmd), (22 bytes).
    Removing stm32f10x_usart.o(i.USART_ReceiverWakeUpCmd), (24 bytes).
    Removing stm32f10x_usart.o(i.USART_SendBreak), (10 bytes).
    Removing stm32f10x_usart.o(i.USART_SetAddress), (18 bytes).
    Removing stm32f10x_usart.o(i.USART_SetGuardTime), (16 bytes).
    Removing stm32f10x_usart.o(i.USART_SetPrescaler), (16 bytes).
    Removing stm32f10x_usart.o(i.USART_SmartCardCmd), (24 bytes).
    Removing stm32f10x_usart.o(i.USART_SmartCardNACKCmd), (24 bytes).
    Removing stm32f10x_usart.o(i.USART_StructInit), (24 bytes).
    Removing stm32f10x_usart.o(i.USART_WakeUpConfig), (18 bytes).
    Removing stm32f10x_wwdg.o(i.WWDG_ClearFlag), (12 bytes).
    Removing stm32f10x_wwdg.o(i.WWDG_DeInit), (22 bytes).
    Removing stm32f10x_wwdg.o(i.WWDG_Enable), (16 bytes).
    Removing stm32f10x_wwdg.o(i.WWDG_EnableIT), (12 bytes).
    Removing stm32f10x_wwdg.o(i.WWDG_GetFlagStatus), (12 bytes).
    Removing stm32f10x_wwdg.o(i.WWDG_SetCounter), (16 bytes).
    Removing stm32f10x_wwdg.o(i.WWDG_SetPrescaler), (24 bytes).
    Removing stm32f10x_wwdg.o(i.WWDG_SetWindowValue), (40 bytes).
    Removing delay.o(i.Delay_s), (24 bytes).
    Removing led.o(i.LED1_OFF), (16 bytes).
    Removing led.o(i.LED1_ON), (16 bytes).
    Removing led.o(i.LED1_Turn), (36 bytes).
    Removing led.o(i.LED2_OFF), (16 bytes).
    Removing led.o(i.LED2_ON), (16 bytes).
    Removing led.o(i.LED2_Turn), (36 bytes).
    Removing led.o(i.LED_Init), (52 bytes).
    Removing key_1.o(i.Key_GetNum), (92 bytes).
    Removing key_1.o(i.Key_Init), (44 bytes).
    Removing oled.o(i.OLED_ShowBinNum), (62 bytes).
    Removing oled.o(i.OLED_ShowHexNum), (84 bytes).
    Removing oled.o(i.OLED_ShowSignedNum), (102 bytes).

462 unused section(s) (total 18462 bytes) removed from the image.

==============================================================================

Image Symbol Table

    Local Symbols

    Symbol Name                              Value     Ov Type        Size  Object(Section)

    ../clib/angel/boardlib.s                 0x00000000   Number         0  boardinit2.o ABSOLUTE
    ../clib/angel/boardlib.s                 0x00000000   Number         0  boardshut.o ABSOLUTE
    ../clib/angel/boardlib.s                 0x00000000   Number         0  boardinit3.o ABSOLUTE
    ../clib/angel/boardlib.s                 0x00000000   Number         0  boardinit1.o ABSOLUTE
    ../clib/angel/handlers.s                 0x00000000   Number         0  __scatter_copy.o ABSOLUTE
    ../clib/angel/handlers.s                 0x00000000   Number         0  __scatter_zi.o ABSOLUTE
    ../clib/angel/kernel.s                   0x00000000   Number         0  __rtentry4.o ABSOLUTE
    ../clib/angel/kernel.s                   0x00000000   Number         0  rtexit2.o ABSOLUTE
    ../clib/angel/kernel.s                   0x00000000   Number         0  __rtentry.o ABSOLUTE
    ../clib/angel/kernel.s                   0x00000000   Number         0  rtexit.o ABSOLUTE
    ../clib/angel/kernel.s                   0x00000000   Number         0  __rtentry2.o ABSOLUTE
    ../clib/angel/rt.s                       0x00000000   Number         0  rt_locale.o ABSOLUTE
    ../clib/angel/rt.s                       0x00000000   Number         0  rt_locale_intlibspace.o ABSOLUTE
    ../clib/angel/rt.s                       0x00000000   Number         0  rt_raise.o ABSOLUTE
    ../clib/angel/scatter.s                  0x00000000   Number         0  __scatter.o ABSOLUTE
    ../clib/angel/startup.s                  0x00000000   Number         0  __main.o ABSOLUTE
    ../clib/angel/sys.s                      0x00000000   Number         0  use_no_semi.o ABSOLUTE
    ../clib/angel/sys.s                      0x00000000   Number         0  libspace.o ABSOLUTE
    ../clib/angel/sys.s                      0x00000000   Number         0  indicate_semi.o ABSOLUTE
    ../clib/angel/sys.s                      0x00000000   Number         0  sys_stackheap_outer.o ABSOLUTE
    ../clib/angel/sysapp.c                   0x00000000   Number         0  sys_exit.o ABSOLUTE
    ../clib/angel/sysapp.c                   0x00000000   Number         0  sys_wrch.o ABSOLUTE
    ../clib/angel/sysapp.c                   0x00000000   Number         0  sys_command.o ABSOLUTE
    ../clib/armsys.c                         0x00000000   Number         0  no_argv.o ABSOLUTE
    ../clib/armsys.c                         0x00000000   Number         0  _get_argv_nomalloc.o ABSOLUTE
    ../clib/armsys.c                         0x00000000   Number         0  argv_veneer.o ABSOLUTE
    ../clib/armsys.c                         0x00000000   Number         0  argv_veneer.o ABSOLUTE
    ../clib/bigflt.c                         0x00000000   Number         0  bigflt0.o ABSOLUTE
    ../clib/btod.s                           0x00000000   Number         0  btod.o ABSOLUTE
    ../clib/heapalloc.c                      0x00000000   Number         0  hrguard.o ABSOLUTE
    ../clib/heapaux.c                        0x00000000   Number         0  heapauxi.o ABSOLUTE
    ../clib/libinit.s                        0x00000000   Number         0  libshutdown2.o ABSOLUTE
    ../clib/libinit.s                        0x00000000   Number         0  libinit.o ABSOLUTE
    ../clib/libinit.s                        0x00000000   Number         0  libinit2.o ABSOLUTE
    ../clib/libinit.s                        0x00000000   Number         0  libshutdown.o ABSOLUTE
    ../clib/locale.s                         0x00000000   Number         0  lc_numeric_c.o ABSOLUTE
    ../clib/longlong.s                       0x00000000   Number         0  lludiv10.o ABSOLUTE
    ../clib/memcpset.s                       0x00000000   Number         0  strcmpv7m.o ABSOLUTE
    ../clib/misc.s                           0x00000000   Number         0  printf_stubs.o ABSOLUTE
    ../clib/printf.c                         0x00000000   Number         0  _printf_dec.o ABSOLUTE
    ../clib/printf.c                         0x00000000   Number         0  __printf.o ABSOLUTE
    ../clib/printf.c                         0x00000000   Number         0  noretval__2sprintf.o ABSOLUTE
    ../clib/printf.c                         0x00000000   Number         0  __2sprintf.o ABSOLUTE
    ../clib/printf.c                         0x00000000   Number         0  _printf_intcommon.o ABSOLUTE
    ../clib/printf.c                         0x00000000   Number         0  _sputc.o ABSOLUTE
    ../clib/printf.c                         0x00000000   Number         0  _printf_fp_dec.o ABSOLUTE
    ../clib/printf.c                         0x00000000   Number         0  __printf_flags_ss.o ABSOLUTE
    ../clib/printf.c                         0x00000000   Number         0  _printf_fp_infnan.o ABSOLUTE
    ../clib/printf.c                         0x00000000   Number         0  __printf_nopercent.o ABSOLUTE
    ../clib/printf.c                         0x00000000   Number         0  _printf_char_common.o ABSOLUTE
    ../clib/printf.c                         0x00000000   Number         0  __printf_flags_ss_wp.o ABSOLUTE
    ../clib/printf.c                         0x00000000   Number         0  __printf_ss_wp.o ABSOLUTE
    ../clib/printf.c                         0x00000000   Number         0  __printf_flags_wp.o ABSOLUTE
    ../clib/printf.c                         0x00000000   Number         0  __printf_wp.o ABSOLUTE
    ../clib/printf.c                         0x00000000   Number         0  __printf_ss.o ABSOLUTE
    ../clib/printf.c                         0x00000000   Number         0  __printf_flags.o ABSOLUTE
    ../clib/printf_percent.s                 0x00000000   Number         0  _printf_percent.o ABSOLUTE
    ../clib/printf_percent.s                 0x00000000   Number         0  _printf_f.o ABSOLUTE
    ../clib/printf_percent.s                 0x00000000   Number         0  _printf_d.o ABSOLUTE
    ../clib/printf_percent.s                 0x00000000   Number         0  _printf_percent_end.o ABSOLUTE
    ../clib/signal.c                         0x00000000   Number         0  defsig_rtred_inner.o ABSOLUTE
    ../clib/signal.c                         0x00000000   Number         0  defsig_fpe_inner.o ABSOLUTE
    ../clib/signal.c                         0x00000000   Number         0  defsig_abrt_inner.o ABSOLUTE
    ../clib/signal.c                         0x00000000   Number         0  defsig_general.o ABSOLUTE
    ../clib/signal.c                         0x00000000   Number         0  __raise.o ABSOLUTE
    ../clib/signal.c                         0x00000000   Number         0  defsig_rtmem_inner.o ABSOLUTE
    ../clib/signal.c                         0x00000000   Number         0  defsig_exit.o ABSOLUTE
    ../clib/signal.c                         0x00000000   Number         0  defsig_rtmem_formal.o ABSOLUTE
    ../clib/signal.c                         0x00000000   Number         0  defsig_rtmem_outer.o ABSOLUTE
    ../clib/signal.c                         0x00000000   Number         0  defsig_other.o ABSOLUTE
    ../clib/signal.c                         0x00000000   Number         0  defsig_segv_inner.o ABSOLUTE
    ../clib/signal.c                         0x00000000   Number         0  defsig_cppl_inner.o ABSOLUTE
    ../clib/signal.c                         0x00000000   Number         0  defsig_pvfn_inner.o ABSOLUTE
    ../clib/signal.c                         0x00000000   Number         0  defsig_stak_inner.o ABSOLUTE
    ../clib/signal.s                         0x00000000   Number         0  defsig.o ABSOLUTE
    ../clib/stdlib.c                         0x00000000   Number         0  exit.o ABSOLUTE
    ../fplib/d2f.s                           0x00000000   Number         0  d2f.o ABSOLUTE
    ../fplib/dflt.s                          0x00000000   Number         0  dflt_clz.o ABSOLUTE
    ../fplib/dmul.s                          0x00000000   Number         0  dmul.o ABSOLUTE
    ../fplib/dnaninf.s                       0x00000000   Number         0  dnaninf.o ABSOLUTE
    ../fplib/dretinf.s                       0x00000000   Number         0  dretinf.o ABSOLUTE
    ../fplib/f2d.s                           0x00000000   Number         0  f2d.o ABSOLUTE
    ../fplib/fcmpi.s                         0x00000000   Number         0  fcmpi.o ABSOLUTE
    ../fplib/ffixu.s                         0x00000000   Number         0  ffixu.o ABSOLUTE
    ../fplib/fleqf.s                         0x00000000   Number         0  fleqf.o ABSOLUTE
    ../fplib/fmul.s                          0x00000000   Number         0  fmul.o ABSOLUTE
    ../fplib/fnaninf.s                       0x00000000   Number         0  fnaninf.o ABSOLUTE
    ../fplib/fpinit.s                        0x00000000   Number         0  fpinit.o ABSOLUTE
    ../fplib/fretinf.s                       0x00000000   Number         0  fretinf.o ABSOLUTE
    ../fplib/frleqf.s                        0x00000000   Number         0  frleqf.o ABSOLUTE
    ../fplib/istatus.s                       0x00000000   Number         0  istatus.o ABSOLUTE
    ../fplib/printf1.s                       0x00000000   Number         0  printf1.o ABSOLUTE
    ../fplib/usenofp.s                       0x00000000   Number         0  usenofp.o ABSOLUTE
    ../mathlib/fpclassify.c                  0x00000000   Number         0  fpclassify.o ABSOLUTE
    Hardware\Key.c                           0x00000000   Number         0  key_1.o ABSOLUTE
    Hardware\LED.c                           0x00000000   Number         0  led.o ABSOLUTE
    Hardware\OLED.c                          0x00000000   Number         0  oled.o ABSOLUTE
    Hardware\Pump.c                          0x00000000   Number         0  pump.o ABSOLUTE
    Hardware\Temp.c                          0x00000000   Number         0  temp.o ABSOLUTE
    Hardware\Turbidity.c                     0x00000000   Number         0  turbidity.o ABSOLUTE
    Hardware\USART.c                         0x00000000   Number         0  usart.o ABSOLUTE
    Library\misc.c                           0x00000000   Number         0  misc.o ABSOLUTE
    Library\stm32f10x_adc.c                  0x00000000   Number         0  stm32f10x_adc.o ABSOLUTE
    Library\stm32f10x_bkp.c                  0x00000000   Number         0  stm32f10x_bkp.o ABSOLUTE
    Library\stm32f10x_can.c                  0x00000000   Number         0  stm32f10x_can.o ABSOLUTE
    Library\stm32f10x_cec.c                  0x00000000   Number         0  stm32f10x_cec.o ABSOLUTE
    Library\stm32f10x_crc.c                  0x00000000   Number         0  stm32f10x_crc.o ABSOLUTE
    Library\stm32f10x_dac.c                  0x00000000   Number         0  stm32f10x_dac.o ABSOLUTE
    Library\stm32f10x_dbgmcu.c               0x00000000   Number         0  stm32f10x_dbgmcu.o ABSOLUTE
    Library\stm32f10x_dma.c                  0x00000000   Number         0  stm32f10x_dma.o ABSOLUTE
    Library\stm32f10x_exti.c                 0x00000000   Number         0  stm32f10x_exti.o ABSOLUTE
    Library\stm32f10x_flash.c                0x00000000   Number         0  stm32f10x_flash.o ABSOLUTE
    Library\stm32f10x_fsmc.c                 0x00000000   Number         0  stm32f10x_fsmc.o ABSOLUTE
    Library\stm32f10x_gpio.c                 0x00000000   Number         0  stm32f10x_gpio.o ABSOLUTE
    Library\stm32f10x_i2c.c                  0x00000000   Number         0  stm32f10x_i2c.o ABSOLUTE
    Library\stm32f10x_iwdg.c                 0x00000000   Number         0  stm32f10x_iwdg.o ABSOLUTE
    Library\stm32f10x_pwr.c                  0x00000000   Number         0  stm32f10x_pwr.o ABSOLUTE
    Library\stm32f10x_rcc.c                  0x00000000   Number         0  stm32f10x_rcc.o ABSOLUTE
    Library\stm32f10x_rtc.c                  0x00000000   Number         0  stm32f10x_rtc.o ABSOLUTE
    Library\stm32f10x_sdio.c                 0x00000000   Number         0  stm32f10x_sdio.o ABSOLUTE
    Library\stm32f10x_spi.c                  0x00000000   Number         0  stm32f10x_spi.o ABSOLUTE
    Library\stm32f10x_tim.c                  0x00000000   Number         0  stm32f10x_tim.o ABSOLUTE
    Library\stm32f10x_usart.c                0x00000000   Number         0  stm32f10x_usart.o ABSOLUTE
    Library\stm32f10x_wwdg.c                 0x00000000   Number         0  stm32f10x_wwdg.o ABSOLUTE
    Start\\core_cm3.c                        0x00000000   Number         0  core_cm3.o ABSOLUTE
    Start\core_cm3.c                         0x00000000   Number         0  core_cm3.o ABSOLUTE
    Start\startup_stm32f10x_md.s             0x00000000   Number         0  startup_stm32f10x_md.o ABSOLUTE
    Start\system_stm32f10x.c                 0x00000000   Number         0  system_stm32f10x.o ABSOLUTE
    System\Delay.c                           0x00000000   Number         0  delay.o ABSOLUTE
    User\main.c                              0x00000000   Number         0  main.o ABSOLUTE
    User\stm32f10x_it.c                      0x00000000   Number         0  stm32f10x_it.o ABSOLUTE
    dc.s                                     0x00000000   Number         0  dc.o ABSOLUTE
    RESET                                    0x08000000   Section      236  startup_stm32f10x_md.o(RESET)
    !!!main                                  0x080000ec   Section        8  __main.o(!!!main)
    !!!scatter                               0x080000f4   Section       52  __scatter.o(!!!scatter)
    !!handler_copy                           0x08000128   Section       26  __scatter_copy.o(!!handler_copy)
    !!handler_zi                             0x08000144   Section       28  __scatter_zi.o(!!handler_zi)
    .ARM.Collect$$_printf_percent$$00000000  0x08000160   Section        0  _printf_percent.o(.ARM.Collect$$_printf_percent$$00000000)
    .ARM.Collect$$_printf_percent$$00000003  0x08000160   Section        6  _printf_f.o(.ARM.Collect$$_printf_percent$$00000003)
    .ARM.Collect$$_printf_percent$$00000009  0x08000166   Section        6  _printf_d.o(.ARM.Collect$$_printf_percent$$00000009)
    .ARM.Collect$$_printf_percent$$00000017  0x0800016c   Section        4  _printf_percent_end.o(.ARM.Collect$$_printf_percent$$00000017)
    .ARM.Collect$$libinit$$00000000          0x08000170   Section        2  libinit.o(.ARM.Collect$$libinit$$00000000)
    .ARM.Collect$$libinit$$00000002          0x08000172   Section        0  libinit2.o(.ARM.Collect$$libinit$$00000002)
    .ARM.Collect$$libinit$$00000004          0x08000172   Section        0  libinit2.o(.ARM.Collect$$libinit$$00000004)
    .ARM.Collect$$libinit$$0000000A          0x08000172   Section        0  libinit2.o(.ARM.Collect$$libinit$$0000000A)
    .ARM.Collect$$libinit$$0000000C          0x08000172   Section        0  libinit2.o(.ARM.Collect$$libinit$$0000000C)
    .ARM.Collect$$libinit$$0000000E          0x08000172   Section        0  libinit2.o(.ARM.Collect$$libinit$$0000000E)
    .ARM.Collect$$libinit$$0000000F          0x08000172   Section        6  libinit2.o(.ARM.Collect$$libinit$$0000000F)
    .ARM.Collect$$libinit$$00000011          0x08000178   Section        0  libinit2.o(.ARM.Collect$$libinit$$00000011)
    .ARM.Collect$$libinit$$00000013          0x08000178   Section        0  libinit2.o(.ARM.Collect$$libinit$$00000013)
    .ARM.Collect$$libinit$$00000015          0x08000178   Section        0  libinit2.o(.ARM.Collect$$libinit$$00000015)
    .ARM.Collect$$libinit$$00000016          0x08000178   Section       10  libinit2.o(.ARM.Collect$$libinit$$00000016)
    .ARM.Collect$$libinit$$00000017          0x08000182   Section        0  libinit2.o(.ARM.Collect$$libinit$$00000017)
    .ARM.Collect$$libinit$$00000019          0x08000182   Section        0  libinit2.o(.ARM.Collect$$libinit$$00000019)
    .ARM.Collect$$libinit$$0000001B          0x08000182   Section        0  libinit2.o(.ARM.Collect$$libinit$$0000001B)
    .ARM.Collect$$libinit$$0000001D          0x08000182   Section        0  libinit2.o(.ARM.Collect$$libinit$$0000001D)
    .ARM.Collect$$libinit$$0000001F          0x08000182   Section        0  libinit2.o(.ARM.Collect$$libinit$$0000001F)
    .ARM.Collect$$libinit$$00000021          0x08000182   Section        0  libinit2.o(.ARM.Collect$$libinit$$00000021)
    .ARM.Collect$$libinit$$00000023          0x08000182   Section        0  libinit2.o(.ARM.Collect$$libinit$$00000023)
    .ARM.Collect$$libinit$$00000025          0x08000182   Section        0  libinit2.o(.ARM.Collect$$libinit$$00000025)
    .ARM.Collect$$libinit$$0000002C          0x08000182   Section        0  libinit2.o(.ARM.Collect$$libinit$$0000002C)
    .ARM.Collect$$libinit$$0000002E          0x08000182   Section        0  libinit2.o(.ARM.Collect$$libinit$$0000002E)
    .ARM.Collect$$libinit$$00000030          0x08000182   Section        0  libinit2.o(.ARM.Collect$$libinit$$00000030)
    .ARM.Collect$$libinit$$00000032          0x08000182   Section        0  libinit2.o(.ARM.Collect$$libinit$$00000032)
    .ARM.Collect$$libinit$$00000033          0x08000182   Section        2  libinit2.o(.ARM.Collect$$libinit$$00000033)
    .ARM.Collect$$libshutdown$$00000000      0x08000184   Section        2  libshutdown.o(.ARM.Collect$$libshutdown$$00000000)
    .ARM.Collect$$libshutdown$$00000002      0x08000186   Section        0  libshutdown2.o(.ARM.Collect$$libshutdown$$00000002)
    .ARM.Collect$$libshutdown$$00000004      0x08000186   Section        0  libshutdown2.o(.ARM.Collect$$libshutdown$$00000004)
    .ARM.Collect$$libshutdown$$00000007      0x08000186   Section        0  libshutdown2.o(.ARM.Collect$$libshutdown$$00000007)
    .ARM.Collect$$libshutdown$$0000000A      0x08000186   Section        0  libshutdown2.o(.ARM.Collect$$libshutdown$$0000000A)
    .ARM.Collect$$libshutdown$$0000000C      0x08000186   Section        0  libshutdown2.o(.ARM.Collect$$libshutdown$$0000000C)
    .ARM.Collect$$libshutdown$$0000000F      0x08000186   Section        0  libshutdown2.o(.ARM.Collect$$libshutdown$$0000000F)
    .ARM.Collect$$libshutdown$$00000010      0x08000186   Section        2  libshutdown2.o(.ARM.Collect$$libshutdown$$00000010)
    .ARM.Collect$$rtentry$$00000000          0x08000188   Section        0  __rtentry.o(.ARM.Collect$$rtentry$$00000000)
    .ARM.Collect$$rtentry$$00000002          0x08000188   Section        0  __rtentry2.o(.ARM.Collect$$rtentry$$00000002)
    .ARM.Collect$$rtentry$$00000004          0x08000188   Section        6  __rtentry4.o(.ARM.Collect$$rtentry$$00000004)
    .ARM.Collect$$rtentry$$00000009          0x0800018e   Section        0  __rtentry2.o(.ARM.Collect$$rtentry$$00000009)
    .ARM.Collect$$rtentry$$0000000A          0x0800018e   Section        4  __rtentry2.o(.ARM.Collect$$rtentry$$0000000A)
    .ARM.Collect$$rtentry$$0000000C          0x08000192   Section        0  __rtentry2.o(.ARM.Collect$$rtentry$$0000000C)
    .ARM.Collect$$rtentry$$0000000D          0x08000192   Section        8  __rtentry2.o(.ARM.Collect$$rtentry$$0000000D)
    .ARM.Collect$$rtexit$$00000000           0x0800019a   Section        2  rtexit.o(.ARM.Collect$$rtexit$$00000000)
    .ARM.Collect$$rtexit$$00000002           0x0800019c   Section        0  rtexit2.o(.ARM.Collect$$rtexit$$00000002)
    .ARM.Collect$$rtexit$$00000003           0x0800019c   Section        4  rtexit2.o(.ARM.Collect$$rtexit$$00000003)
    .ARM.Collect$$rtexit$$00000004           0x080001a0   Section        6  rtexit2.o(.ARM.Collect$$rtexit$$00000004)
    .text                                    0x080001a8   Section       64  startup_stm32f10x_md.o(.text)
    .text                                    0x080001e8   Section        0  noretval__2sprintf.o(.text)
    .text                                    0x08000210   Section        0  _printf_dec.o(.text)
    .text                                    0x08000288   Section        0  __printf_wp.o(.text)
    .text                                    0x08000398   Section      128  strcmpv7m.o(.text)
    .text                                    0x08000418   Section        0  heapauxi.o(.text)
    .text                                    0x0800041e   Section        0  _printf_intcommon.o(.text)
    .text                                    0x080004d0   Section        0  _printf_fp_dec.o(.text)
    _fp_digits                               0x080004d3   Thumb Code   432  _printf_fp_dec.o(.text)
    .text                                    0x080008f0   Section        0  _printf_char_common.o(.text)
    _printf_input_char                       0x080008f1   Thumb Code    10  _printf_char_common.o(.text)
    .text                                    0x08000920   Section        0  _sputc.o(.text)
    .text                                    0x0800092c   Section        8  rt_locale_intlibspace.o(.text)
    .text                                    0x08000934   Section      138  lludiv10.o(.text)
    .text                                    0x080009c0   Section        0  _printf_fp_infnan.o(.text)
    .text                                    0x08000a40   Section        0  bigflt0.o(.text)
    .text                                    0x08000b24   Section        8  libspace.o(.text)
    .text                                    0x08000b2c   Section       74  sys_stackheap_outer.o(.text)
    .text                                    0x08000b76   Section        0  exit.o(.text)
    .text                                    0x08000b88   Section        0  sys_exit.o(.text)
    .text                                    0x08000b94   Section        2  use_no_semi.o(.text)
    .text                                    0x08000b96   Section        0  indicate_semi.o(.text)
    CL$$btod_d2e                             0x08000b96   Section       62  btod.o(CL$$btod_d2e)
    CL$$btod_d2e_denorm_low                  0x08000bd4   Section       70  btod.o(CL$$btod_d2e_denorm_low)
    CL$$btod_d2e_norm_op1                    0x08000c1a   Section       96  btod.o(CL$$btod_d2e_norm_op1)
    CL$$btod_div_common                      0x08000c7a   Section      824  btod.o(CL$$btod_div_common)
    CL$$btod_e2e                             0x08000fb2   Section      220  btod.o(CL$$btod_e2e)
    CL$$btod_ediv                            0x0800108e   Section       42  btod.o(CL$$btod_ediv)
    CL$$btod_emul                            0x080010b8   Section       42  btod.o(CL$$btod_emul)
    CL$$btod_mult_common                     0x080010e2   Section      580  btod.o(CL$$btod_mult_common)
    i.ADC_Cmd                                0x08001326   Section        0  stm32f10x_adc.o(i.ADC_Cmd)
    i.ADC_GetCalibrationStatus               0x0800133c   Section        0  stm32f10x_adc.o(i.ADC_GetCalibrationStatus)
    i.ADC_GetConversionValue                 0x08001350   Section        0  stm32f10x_adc.o(i.ADC_GetConversionValue)
    i.ADC_GetFlagStatus                      0x08001358   Section        0  stm32f10x_adc.o(i.ADC_GetFlagStatus)
    i.ADC_GetResetCalibrationStatus          0x0800136a   Section        0  stm32f10x_adc.o(i.ADC_GetResetCalibrationStatus)
    i.ADC_Init                               0x08001380   Section        0  stm32f10x_adc.o(i.ADC_Init)
    i.ADC_RegularChannelConfig               0x080013d0   Section        0  stm32f10x_adc.o(i.ADC_RegularChannelConfig)
    i.ADC_ResetCalibration                   0x08001488   Section        0  stm32f10x_adc.o(i.ADC_ResetCalibration)
    i.ADC_SoftwareStartConvCmd               0x08001492   Section        0  stm32f10x_adc.o(i.ADC_SoftwareStartConvCmd)
    i.ADC_StartCalibration                   0x080014a8   Section        0  stm32f10x_adc.o(i.ADC_StartCalibration)
    i.BusFault_Handler                       0x080014b2   Section        0  stm32f10x_it.o(i.BusFault_Handler)
    i.DS18B20_GetTemp                        0x080014b8   Section        0  temp.o(i.DS18B20_GetTemp)
    i.DS18B20_Init                           0x08001514   Section        0  temp.o(i.DS18B20_Init)
    i.DS18B20_Input                          0x08001548   Section        0  temp.o(i.DS18B20_Input)
    i.DS18B20_Output                         0x08001564   Section        0  temp.o(i.DS18B20_Output)
    i.DS18B20_ReadBit                        0x08001588   Section        0  temp.o(i.DS18B20_ReadBit)
    i.DS18B20_ReadByte                       0x080015c8   Section        0  temp.o(i.DS18B20_ReadByte)
    i.DS18B20_Reset                          0x080015e8   Section        0  temp.o(i.DS18B20_Reset)
    i.DS18B20_WriteBit                       0x0800162c   Section        0  temp.o(i.DS18B20_WriteBit)
    i.DS18B20_WriteByte                      0x08001660   Section        0  temp.o(i.DS18B20_WriteByte)
    i.DebugMon_Handler                       0x0800167c   Section        0  stm32f10x_it.o(i.DebugMon_Handler)
    i.Delay_ms                               0x0800167e   Section        0  delay.o(i.Delay_ms)
    i.Delay_us                               0x08001696   Section        0  delay.o(i.Delay_us)
    i.GPIO_Init                              0x080016c4   Section        0  stm32f10x_gpio.o(i.GPIO_Init)
    i.GPIO_ReadInputDataBit                  0x080017da   Section        0  stm32f10x_gpio.o(i.GPIO_ReadInputDataBit)
    i.GPIO_ResetBits                         0x080017ec   Section        0  stm32f10x_gpio.o(i.GPIO_ResetBits)
    i.GPIO_SetBits                           0x080017f0   Section        0  stm32f10x_gpio.o(i.GPIO_SetBits)
    i.GPIO_WriteBit                          0x080017f4   Section        0  stm32f10x_gpio.o(i.GPIO_WriteBit)
    i.HardFault_Handler                      0x080017fe   Section        0  stm32f10x_it.o(i.HardFault_Handler)
    i.MemManage_Handler                      0x08001802   Section        0  stm32f10x_it.o(i.MemManage_Handler)
    i.NMI_Handler                            0x08001806   Section        0  stm32f10x_it.o(i.NMI_Handler)
    i.NVIC_Init                              0x08001808   Section        0  misc.o(i.NVIC_Init)
    i.NVIC_PriorityGroupConfig               0x08001878   Section        0  misc.o(i.NVIC_PriorityGroupConfig)
    i.OLED_Clear                             0x0800188c   Section        0  oled.o(i.OLED_Clear)
    i.OLED_I2C_Init                          0x080018b8   Section        0  oled.o(i.OLED_I2C_Init)
    i.OLED_I2C_SendByte                      0x08001908   Section        0  oled.o(i.OLED_I2C_SendByte)
    i.OLED_I2C_Start                         0x08001964   Section        0  oled.o(i.OLED_I2C_Start)
    i.OLED_I2C_Stop                          0x08001998   Section        0  oled.o(i.OLED_I2C_Stop)
    i.OLED_Init                              0x080019c0   Section        0  oled.o(i.OLED_Init)
    i.OLED_Pow                               0x08001a6e   Section        0  oled.o(i.OLED_Pow)
    i.OLED_SetCursor                         0x08001a82   Section        0  oled.o(i.OLED_SetCursor)
    i.OLED_ShowChar                          0x08001aa4   Section        0  oled.o(i.OLED_ShowChar)
    i.OLED_ShowNum                           0x08001b18   Section        0  oled.o(i.OLED_ShowNum)
    i.OLED_ShowString                        0x08001b5c   Section        0  oled.o(i.OLED_ShowString)
    i.OLED_WriteCommand                      0x08001b84   Section        0  oled.o(i.OLED_WriteCommand)
    i.OLED_WriteData                         0x08001ba4   Section        0  oled.o(i.OLED_WriteData)
    i.PendSV_Handler                         0x08001bc4   Section        0  stm32f10x_it.o(i.PendSV_Handler)
    i.Pump_GetState                          0x08001bc8   Section        0  pump.o(i.Pump_GetState)
    i.Pump_Init                              0x08001bd4   Section        0  pump.o(i.Pump_Init)
    i.Pump_OFF                               0x08001c14   Section        0  pump.o(i.Pump_OFF)
    i.Pump_ON                                0x08001c30   Section        0  pump.o(i.Pump_ON)
    i.RCC_APB2PeriphClockCmd                 0x08001c4c   Section        0  stm32f10x_rcc.o(i.RCC_APB2PeriphClockCmd)
    i.RCC_GetClocksFreq                      0x08001c6c   Section        0  stm32f10x_rcc.o(i.RCC_GetClocksFreq)
    i.SVC_Handler                            0x08001d40   Section        0  stm32f10x_it.o(i.SVC_Handler)
    i.SetSysClock                            0x08001d42   Section        0  system_stm32f10x.o(i.SetSysClock)
    SetSysClock                              0x08001d43   Thumb Code     8  system_stm32f10x.o(i.SetSysClock)
    i.SetSysClockTo72                        0x08001d4c   Section        0  system_stm32f10x.o(i.SetSysClockTo72)
    SetSysClockTo72                          0x08001d4d   Thumb Code   214  system_stm32f10x.o(i.SetSysClockTo72)
    i.SysTick_Handler                        0x08001e2c   Section        0  stm32f10x_it.o(i.SysTick_Handler)
    i.SystemInit                             0x08001e30   Section        0  system_stm32f10x.o(i.SystemInit)
    i.Turbidity_GetValue                     0x08001e90   Section        0  turbidity.o(i.Turbidity_GetValue)
    i.Turbidity_Init                         0x08001eb8   Section        0  turbidity.o(i.Turbidity_Init)
    i.USART1_GetCommand                      0x08001f44   Section        0  usart.o(i.USART1_GetCommand)
    i.USART1_IRQHandler                      0x08001fb8   Section        0  usart.o(i.USART1_IRQHandler)
    i.USART1_Init                            0x0800201c   Section        0  usart.o(i.USART1_Init)
    i.USART1_SendByte                        0x080020c4   Section        0  usart.o(i.USART1_SendByte)
    i.USART1_SendString                      0x080020e4   Section        0  usart.o(i.USART1_SendString)
    i.USART_Cmd                              0x080020fa   Section        0  stm32f10x_usart.o(i.USART_Cmd)
    i.USART_GetFlagStatus                    0x08002112   Section        0  stm32f10x_usart.o(i.USART_GetFlagStatus)
    i.USART_GetITStatus                      0x0800212c   Section        0  stm32f10x_usart.o(i.USART_GetITStatus)
    i.USART_ITConfig                         0x08002180   Section        0  stm32f10x_usart.o(i.USART_ITConfig)
    i.USART_Init                             0x080021cc   Section        0  stm32f10x_usart.o(i.USART_Init)
    i.USART_ReceiveData                      0x080022a4   Section        0  stm32f10x_usart.o(i.USART_ReceiveData)
    i.USART_SendData                         0x080022ae   Section        0  stm32f10x_usart.o(i.USART_SendData)
    i.UsageFault_Handler                     0x080022b6   Section        0  stm32f10x_it.o(i.UsageFault_Handler)
    i.__ARM_fpclassify                       0x080022ba   Section        0  fpclassify.o(i.__ARM_fpclassify)
    i._is_digit                              0x080022e2   Section        0  __printf_wp.o(i._is_digit)
    i.main                                   0x080022f0   Section        0  main.o(i.main)
    locale$$code                             0x08002564   Section       44  lc_numeric_c.o(locale$$code)
    x$fpl$d2f                                0x08002590   Section       98  d2f.o(x$fpl$d2f)
    x$fpl$dfltu                              0x080025f2   Section       38  dflt_clz.o(x$fpl$dfltu)
    x$fpl$dmul                               0x08002618   Section      340  dmul.o(x$fpl$dmul)
    x$fpl$dnaninf                            0x0800276c   Section      156  dnaninf.o(x$fpl$dnaninf)
    x$fpl$dretinf                            0x08002808   Section       12  dretinf.o(x$fpl$dretinf)
    x$fpl$f2d                                0x08002814   Section       86  f2d.o(x$fpl$f2d)
    x$fpl$fcmpinf                            0x0800286a   Section       24  fcmpi.o(x$fpl$fcmpinf)
    x$fpl$ffixu                              0x08002884   Section       62  ffixu.o(x$fpl$ffixu)
    x$fpl$fleqf                              0x080028c4   Section      104  fleqf.o(x$fpl$fleqf)
    x$fpl$fmul                               0x0800292c   Section      258  fmul.o(x$fpl$fmul)
    x$fpl$fnaninf                            0x08002a2e   Section      140  fnaninf.o(x$fpl$fnaninf)
    x$fpl$fretinf                            0x08002aba   Section       10  fretinf.o(x$fpl$fretinf)
    x$fpl$frleqf                             0x08002ac4   Section       98  frleqf.o(x$fpl$frleqf)
    x$fpl$printf1                            0x08002b26   Section        4  printf1.o(x$fpl$printf1)
    .constdata                               0x08002b2a   Section     1520  oled.o(.constdata)
    x$fpl$usenofp                            0x08002b2a   Section        0  usenofp.o(x$fpl$usenofp)
    .constdata                               0x0800311c   Section      148  bigflt0.o(.constdata)
    tenpwrs_x                                0x0800311c   Data          60  bigflt0.o(.constdata)
    tenpwrs_i                                0x08003158   Data          64  bigflt0.o(.constdata)
    locale$$data                             0x080031d0   Section       28  lc_numeric_c.o(locale$$data)
    __lcnum_c_name                           0x080031d4   Data           2  lc_numeric_c.o(locale$$data)
    __lcnum_c_start                          0x080031dc   Data           0  lc_numeric_c.o(locale$$data)
    __lcnum_c_point                          0x080031e8   Data           0  lc_numeric_c.o(locale$$data)
    __lcnum_c_thousands                      0x080031ea   Data           0  lc_numeric_c.o(locale$$data)
    __lcnum_c_grouping                       0x080031eb   Data           0  lc_numeric_c.o(locale$$data)
    __lcnum_c_end                            0x080031ec   Data           0  lc_numeric_c.o(locale$$data)
    .data                                    0x20000000   Section       20  stm32f10x_rcc.o(.data)
    APBAHBPrescTable                         0x20000000   Data          16  stm32f10x_rcc.o(.data)
    ADCPrescTable                            0x20000010   Data           4  stm32f10x_rcc.o(.data)
    .data                                    0x20000014   Section        1  pump.o(.data)
    PumpState                                0x20000014   Data           1  pump.o(.data)
    .data                                    0x20000015   Section        2  usart.o(.data)
    USART1_RxIndex                           0x20000015   Data           1  usart.o(.data)
    USART1_RxFlag                            0x20000016   Data           1  usart.o(.data)
    .bss                                     0x20000018   Section       20  usart.o(.bss)
    USART1_RxBuffer                          0x20000018   Data          20  usart.o(.bss)
    .bss                                     0x2000002c   Section       96  libspace.o(.bss)
    HEAP                                     0x20000090   Section      512  startup_stm32f10x_md.o(HEAP)
    Heap_Mem                                 0x20000090   Data         512  startup_stm32f10x_md.o(HEAP)
    STACK                                    0x20000290   Section     1024  startup_stm32f10x_md.o(STACK)
    Stack_Mem                                0x20000290   Data        1024  startup_stm32f10x_md.o(STACK)
    __initial_sp                             0x20000690   Data           0  startup_stm32f10x_md.o(STACK)

    Global Symbols

    Symbol Name                              Value     Ov Type        Size  Object(Section)

    BuildAttributes$$THM_ISAv4$P$D$K$B$S$PE$A:L22UL41UL21$X:L11$S22US41US21$IEEE1$IW$USESV6$~STKCKD$USESV7$~SHL$OTIME$ROPI$IEEEJ$EBA8$UX$STANDARDLIB$REQ8$PRES8$EABIv2 0x00000000   Number         0  anon$$obj.o ABSOLUTE
    __ARM_use_no_argv                        0x00000000   Number         0  main.o ABSOLUTE
    _printf_flags                            0x00000000   Number         0  printf_stubs.o ABSOLUTE
    _printf_return_value                     0x00000000   Number         0  printf_stubs.o ABSOLUTE
    _printf_sizespec                         0x00000000   Number         0  printf_stubs.o ABSOLUTE
    _printf_widthprec                        0x00000000   Number         0  printf_stubs.o ABSOLUTE
    __ARM_exceptions_init                     - Undefined Weak Reference
    __alloca_initialize                       - Undefined Weak Reference
    __arm_preinit_                            - Undefined Weak Reference
    __cpp_initialize__aeabi_                  - Undefined Weak Reference
    __cxa_finalize                            - Undefined Weak Reference
    __sigvec_lookup                           - Undefined Weak Reference
    _atexit_init                              - Undefined Weak Reference
    _call_atexit_fns                          - Undefined Weak Reference
    _clock_init                               - Undefined Weak Reference
    _fp_trap_init                             - Undefined Weak Reference
    _fp_trap_shutdown                         - Undefined Weak Reference
    _get_lc_collate                           - Undefined Weak Reference
    _get_lc_ctype                             - Undefined Weak Reference
    _get_lc_monetary                          - Undefined Weak Reference
    _get_lc_time                              - Undefined Weak Reference
    _getenv_init                              - Undefined Weak Reference
    _handle_redirection                       - Undefined Weak Reference
    _init_alloc                               - Undefined Weak Reference
    _init_user_alloc                          - Undefined Weak Reference
    _initio                                   - Undefined Weak Reference
    _printf_post_padding                      - Undefined Weak Reference
    _printf_pre_padding                       - Undefined Weak Reference
    _printf_truncate_signed                   - Undefined Weak Reference
    _printf_truncate_unsigned                 - Undefined Weak Reference
    _rand_init                                - Undefined Weak Reference
    _signal_finish                            - Undefined Weak Reference
    _signal_init                              - Undefined Weak Reference
    _terminate_alloc                          - Undefined Weak Reference
    _terminate_user_alloc                     - Undefined Weak Reference
    _terminateio                              - Undefined Weak Reference
    __Vectors_Size                           0x000000ec   Number         0  startup_stm32f10x_md.o ABSOLUTE
    __Vectors                                0x08000000   Data           4  startup_stm32f10x_md.o(RESET)
    __Vectors_End                            0x080000ec   Data           0  startup_stm32f10x_md.o(RESET)
    __main                                   0x080000ed   Thumb Code     8  __main.o(!!!main)
    __scatterload                            0x080000f5   Thumb Code     0  __scatter.o(!!!scatter)
    __scatterload_rt2                        0x080000f5   Thumb Code    44  __scatter.o(!!!scatter)
    __scatterload_rt2_thumb_only             0x080000f5   Thumb Code     0  __scatter.o(!!!scatter)
    __scatterload_null                       0x08000103   Thumb Code     0  __scatter.o(!!!scatter)
    __scatterload_copy                       0x08000129   Thumb Code    26  __scatter_copy.o(!!handler_copy)
    __scatterload_zeroinit                   0x08000145   Thumb Code    28  __scatter_zi.o(!!handler_zi)
    _printf_f                                0x08000161   Thumb Code     0  _printf_f.o(.ARM.Collect$$_printf_percent$$00000003)
    _printf_percent                          0x08000161   Thumb Code     0  _printf_percent.o(.ARM.Collect$$_printf_percent$$00000000)
    _printf_d                                0x08000167   Thumb Code     0  _printf_d.o(.ARM.Collect$$_printf_percent$$00000009)
    _printf_percent_end                      0x0800016d   Thumb Code     0  _printf_percent_end.o(.ARM.Collect$$_printf_percent$$00000017)
    __rt_lib_init                            0x08000171   Thumb Code     0  libinit.o(.ARM.Collect$$libinit$$00000000)
    __rt_lib_init_fp_1                       0x08000173   Thumb Code     0  libinit2.o(.ARM.Collect$$libinit$$00000002)
    __rt_lib_init_heap_1                     0x08000173   Thumb Code     0  libinit2.o(.ARM.Collect$$libinit$$0000000A)
    __rt_lib_init_lc_common                  0x08000173   Thumb Code     0  libinit2.o(.ARM.Collect$$libinit$$0000000F)
    __rt_lib_init_preinit_1                  0x08000173   Thumb Code     0  libinit2.o(.ARM.Collect$$libinit$$00000004)
    __rt_lib_init_rand_1                     0x08000173   Thumb Code     0  libinit2.o(.ARM.Collect$$libinit$$0000000E)
    __rt_lib_init_user_alloc_1               0x08000173   Thumb Code     0  libinit2.o(.ARM.Collect$$libinit$$0000000C)
    __rt_lib_init_lc_collate_1               0x08000179   Thumb Code     0  libinit2.o(.ARM.Collect$$libinit$$00000011)
    __rt_lib_init_lc_ctype_1                 0x08000179   Thumb Code     0  libinit2.o(.ARM.Collect$$libinit$$00000013)
    __rt_lib_init_lc_monetary_1              0x08000179   Thumb Code     0  libinit2.o(.ARM.Collect$$libinit$$00000015)
    __rt_lib_init_lc_numeric_2               0x08000179   Thumb Code     0  libinit2.o(.ARM.Collect$$libinit$$00000016)
    __rt_lib_init_alloca_1                   0x08000183   Thumb Code     0  libinit2.o(.ARM.Collect$$libinit$$0000002E)
    __rt_lib_init_argv_1                     0x08000183   Thumb Code     0  libinit2.o(.ARM.Collect$$libinit$$0000002C)
    __rt_lib_init_atexit_1                   0x08000183   Thumb Code     0  libinit2.o(.ARM.Collect$$libinit$$0000001B)
    __rt_lib_init_clock_1                    0x08000183   Thumb Code     0  libinit2.o(.ARM.Collect$$libinit$$00000021)
    __rt_lib_init_cpp_1                      0x08000183   Thumb Code     0  libinit2.o(.ARM.Collect$$libinit$$00000032)
    __rt_lib_init_exceptions_1               0x08000183   Thumb Code     0  libinit2.o(.ARM.Collect$$libinit$$00000030)
    __rt_lib_init_fp_trap_1                  0x08000183   Thumb Code     0  libinit2.o(.ARM.Collect$$libinit$$0000001F)
    __rt_lib_init_getenv_1                   0x08000183   Thumb Code     0  libinit2.o(.ARM.Collect$$libinit$$00000023)
    __rt_lib_init_lc_numeric_1               0x08000183   Thumb Code     0  libinit2.o(.ARM.Collect$$libinit$$00000017)
    __rt_lib_init_lc_time_1                  0x08000183   Thumb Code     0  libinit2.o(.ARM.Collect$$libinit$$00000019)
    __rt_lib_init_return                     0x08000183   Thumb Code     0  libinit2.o(.ARM.Collect$$libinit$$00000033)
    __rt_lib_init_signal_1                   0x08000183   Thumb Code     0  libinit2.o(.ARM.Collect$$libinit$$0000001D)
    __rt_lib_init_stdio_1                    0x08000183   Thumb Code     0  libinit2.o(.ARM.Collect$$libinit$$00000025)
    __rt_lib_shutdown                        0x08000185   Thumb Code     0  libshutdown.o(.ARM.Collect$$libshutdown$$00000000)
    __rt_lib_shutdown_cpp_1                  0x08000187   Thumb Code     0  libshutdown2.o(.ARM.Collect$$libshutdown$$00000002)
    __rt_lib_shutdown_fp_trap_1              0x08000187   Thumb Code     0  libshutdown2.o(.ARM.Collect$$libshutdown$$00000007)
    __rt_lib_shutdown_heap_1                 0x08000187   Thumb Code     0  libshutdown2.o(.ARM.Collect$$libshutdown$$0000000F)
    __rt_lib_shutdown_return                 0x08000187   Thumb Code     0  libshutdown2.o(.ARM.Collect$$libshutdown$$00000010)
    __rt_lib_shutdown_signal_1               0x08000187   Thumb Code     0  libshutdown2.o(.ARM.Collect$$libshutdown$$0000000A)
    __rt_lib_shutdown_stdio_1                0x08000187   Thumb Code     0  libshutdown2.o(.ARM.Collect$$libshutdown$$00000004)
    __rt_lib_shutdown_user_alloc_1           0x08000187   Thumb Code     0  libshutdown2.o(.ARM.Collect$$libshutdown$$0000000C)
    __rt_entry                               0x08000189   Thumb Code     0  __rtentry.o(.ARM.Collect$$rtentry$$00000000)
    __rt_entry_presh_1                       0x08000189   Thumb Code     0  __rtentry2.o(.ARM.Collect$$rtentry$$00000002)
    __rt_entry_sh                            0x08000189   Thumb Code     0  __rtentry4.o(.ARM.Collect$$rtentry$$00000004)
    __rt_entry_li                            0x0800018f   Thumb Code     0  __rtentry2.o(.ARM.Collect$$rtentry$$0000000A)
    __rt_entry_postsh_1                      0x0800018f   Thumb Code     0  __rtentry2.o(.ARM.Collect$$rtentry$$00000009)
    __rt_entry_main                          0x08000193   Thumb Code     0  __rtentry2.o(.ARM.Collect$$rtentry$$0000000D)
    __rt_entry_postli_1                      0x08000193   Thumb Code     0  __rtentry2.o(.ARM.Collect$$rtentry$$0000000C)
    __rt_exit                                0x0800019b   Thumb Code     0  rtexit.o(.ARM.Collect$$rtexit$$00000000)
    __rt_exit_ls                             0x0800019d   Thumb Code     0  rtexit2.o(.ARM.Collect$$rtexit$$00000003)
    __rt_exit_prels_1                        0x0800019d   Thumb Code     0  rtexit2.o(.ARM.Collect$$rtexit$$00000002)
    __rt_exit_exit                           0x080001a1   Thumb Code     0  rtexit2.o(.ARM.Collect$$rtexit$$00000004)
    Reset_Handler                            0x080001a9   Thumb Code     8  startup_stm32f10x_md.o(.text)
    ADC1_2_IRQHandler                        0x080001c3   Thumb Code     0  startup_stm32f10x_md.o(.text)
    CAN1_RX1_IRQHandler                      0x080001c3   Thumb Code     0  startup_stm32f10x_md.o(.text)
    CAN1_SCE_IRQHandler                      0x080001c3   Thumb Code     0  startup_stm32f10x_md.o(.text)
    DMA1_Channel1_IRQHandler                 0x080001c3   Thumb Code     0  startup_stm32f10x_md.o(.text)
    DMA1_Channel2_IRQHandler                 0x080001c3   Thumb Code     0  startup_stm32f10x_md.o(.text)
    DMA1_Channel3_IRQHandler                 0x080001c3   Thumb Code     0  startup_stm32f10x_md.o(.text)
    DMA1_Channel4_IRQHandler                 0x080001c3   Thumb Code     0  startup_stm32f10x_md.o(.text)
    DMA1_Channel5_IRQHandler                 0x080001c3   Thumb Code     0  startup_stm32f10x_md.o(.text)
    DMA1_Channel6_IRQHandler                 0x080001c3   Thumb Code     0  startup_stm32f10x_md.o(.text)
    DMA1_Channel7_IRQHandler                 0x080001c3   Thumb Code     0  startup_stm32f10x_md.o(.text)
    EXTI0_IRQHandler                         0x080001c3   Thumb Code     0  startup_stm32f10x_md.o(.text)
    EXTI15_10_IRQHandler                     0x080001c3   Thumb Code     0  startup_stm32f10x_md.o(.text)
    EXTI1_IRQHandler                         0x080001c3   Thumb Code     0  startup_stm32f10x_md.o(.text)
    EXTI2_IRQHandler                         0x080001c3   Thumb Code     0  startup_stm32f10x_md.o(.text)
    EXTI3_IRQHandler                         0x080001c3   Thumb Code     0  startup_stm32f10x_md.o(.text)
    EXTI4_IRQHandler                         0x080001c3   Thumb Code     0  startup_stm32f10x_md.o(.text)
    EXTI9_5_IRQHandler                       0x080001c3   Thumb Code     0  startup_stm32f10x_md.o(.text)
    FLASH_IRQHandler                         0x080001c3   Thumb Code     0  startup_stm32f10x_md.o(.text)
    I2C1_ER_IRQHandler                       0x080001c3   Thumb Code     0  startup_stm32f10x_md.o(.text)
    I2C1_EV_IRQHandler                       0x080001c3   Thumb Code     0  startup_stm32f10x_md.o(.text)
    I2C2_ER_IRQHandler                       0x080001c3   Thumb Code     0  startup_stm32f10x_md.o(.text)
    I2C2_EV_IRQHandler                       0x080001c3   Thumb Code     0  startup_stm32f10x_md.o(.text)
    PVD_IRQHandler                           0x080001c3   Thumb Code     0  startup_stm32f10x_md.o(.text)
    RCC_IRQHandler                           0x080001c3   Thumb Code     0  startup_stm32f10x_md.o(.text)
    RTCAlarm_IRQHandler                      0x080001c3   Thumb Code     0  startup_stm32f10x_md.o(.text)
    RTC_IRQHandler                           0x080001c3   Thumb Code     0  startup_stm32f10x_md.o(.text)
    SPI1_IRQHandler                          0x080001c3   Thumb Code     0  startup_stm32f10x_md.o(.text)
    SPI2_IRQHandler                          0x080001c3   Thumb Code     0  startup_stm32f10x_md.o(.text)
    TAMPER_IRQHandler                        0x080001c3   Thumb Code     0  startup_stm32f10x_md.o(.text)
    TIM1_BRK_IRQHandler                      0x080001c3   Thumb Code     0  startup_stm32f10x_md.o(.text)
    TIM1_CC_IRQHandler                       0x080001c3   Thumb Code     0  startup_stm32f10x_md.o(.text)
    TIM1_TRG_COM_IRQHandler                  0x080001c3   Thumb Code     0  startup_stm32f10x_md.o(.text)
    TIM1_UP_IRQHandler                       0x080001c3   Thumb Code     0  startup_stm32f10x_md.o(.text)
    TIM2_IRQHandler                          0x080001c3   Thumb Code     0  startup_stm32f10x_md.o(.text)
    TIM3_IRQHandler                          0x080001c3   Thumb Code     0  startup_stm32f10x_md.o(.text)
    TIM4_IRQHandler                          0x080001c3   Thumb Code     0  startup_stm32f10x_md.o(.text)
    USART2_IRQHandler                        0x080001c3   Thumb Code     0  startup_stm32f10x_md.o(.text)
    USART3_IRQHandler                        0x080001c3   Thumb Code     0  startup_stm32f10x_md.o(.text)
    USBWakeUp_IRQHandler                     0x080001c3   Thumb Code     0  startup_stm32f10x_md.o(.text)
    USB_HP_CAN1_TX_IRQHandler                0x080001c3   Thumb Code     0  startup_stm32f10x_md.o(.text)
    USB_LP_CAN1_RX0_IRQHandler               0x080001c3   Thumb Code     0  startup_stm32f10x_md.o(.text)
    WWDG_IRQHandler                          0x080001c3   Thumb Code     0  startup_stm32f10x_md.o(.text)
    __user_initial_stackheap                 0x080001c5   Thumb Code     0  startup_stm32f10x_md.o(.text)
    __2sprintf                               0x080001e9   Thumb Code    34  noretval__2sprintf.o(.text)
    _printf_int_dec                          0x08000211   Thumb Code   104  _printf_dec.o(.text)
    __printf                                 0x08000289   Thumb Code   270  __printf_wp.o(.text)
    strcmp                                   0x08000399   Thumb Code   128  strcmpv7m.o(.text)
    __use_two_region_memory                  0x08000419   Thumb Code     2  heapauxi.o(.text)
    __rt_heap_escrow$2region                 0x0800041b   Thumb Code     2  heapauxi.o(.text)
    __rt_heap_expand$2region                 0x0800041d   Thumb Code     2  heapauxi.o(.text)
    _printf_int_common                       0x0800041f   Thumb Code   178  _printf_intcommon.o(.text)
    __lib_sel_fp_printf                      0x080004d1   Thumb Code     2  _printf_fp_dec.o(.text)
    _printf_fp_dec_real                      0x08000683   Thumb Code   620  _printf_fp_dec.o(.text)
    _printf_char_common                      0x080008fb   Thumb Code    32  _printf_char_common.o(.text)
    _sputc                                   0x08000921   Thumb Code    10  _sputc.o(.text)
    __rt_locale                              0x0800092d   Thumb Code     8  rt_locale_intlibspace.o(.text)
    _ll_udiv10                               0x08000935   Thumb Code   138  lludiv10.o(.text)
    _printf_fp_infnan                        0x080009c1   Thumb Code   112  _printf_fp_infnan.o(.text)
    _btod_etento                             0x08000a41   Thumb Code   224  bigflt0.o(.text)
    __user_libspace                          0x08000b25   Thumb Code     8  libspace.o(.text)
    __user_perproc_libspace                  0x08000b25   Thumb Code     0  libspace.o(.text)
    __user_perthread_libspace                0x08000b25   Thumb Code     0  libspace.o(.text)
    __user_setup_stackheap                   0x08000b2d   Thumb Code    74  sys_stackheap_outer.o(.text)
    exit                                     0x08000b77   Thumb Code    18  exit.o(.text)
    _sys_exit                                0x08000b89   Thumb Code     8  sys_exit.o(.text)
    __I$use$semihosting                      0x08000b95   Thumb Code     0  use_no_semi.o(.text)
    __use_no_semihosting_swi                 0x08000b95   Thumb Code     2  use_no_semi.o(.text)
    __semihosting_library_function           0x08000b97   Thumb Code     0  indicate_semi.o(.text)
    _btod_d2e                                0x08000b97   Thumb Code    62  btod.o(CL$$btod_d2e)
    _d2e_denorm_low                          0x08000bd5   Thumb Code    70  btod.o(CL$$btod_d2e_denorm_low)
    _d2e_norm_op1                            0x08000c1b   Thumb Code    96  btod.o(CL$$btod_d2e_norm_op1)
    __btod_div_common                        0x08000c7b   Thumb Code   696  btod.o(CL$$btod_div_common)
    _e2e                                     0x08000fb3   Thumb Code   220  btod.o(CL$$btod_e2e)
    _btod_ediv                               0x0800108f   Thumb Code    42  btod.o(CL$$btod_ediv)
    _btod_emul                               0x080010b9   Thumb Code    42  btod.o(CL$$btod_emul)
    __btod_mult_common                       0x080010e3   Thumb Code   580  btod.o(CL$$btod_mult_common)
    ADC_Cmd                                  0x08001327   Thumb Code    22  stm32f10x_adc.o(i.ADC_Cmd)
    ADC_GetCalibrationStatus                 0x0800133d   Thumb Code    20  stm32f10x_adc.o(i.ADC_GetCalibrationStatus)
    ADC_GetConversionValue                   0x08001351   Thumb Code     8  stm32f10x_adc.o(i.ADC_GetConversionValue)
    ADC_GetFlagStatus                        0x08001359   Thumb Code    18  stm32f10x_adc.o(i.ADC_GetFlagStatus)
    ADC_GetResetCalibrationStatus            0x0800136b   Thumb Code    20  stm32f10x_adc.o(i.ADC_GetResetCalibrationStatus)
    ADC_Init                                 0x08001381   Thumb Code    70  stm32f10x_adc.o(i.ADC_Init)
    ADC_RegularChannelConfig                 0x080013d1   Thumb Code   184  stm32f10x_adc.o(i.ADC_RegularChannelConfig)
    ADC_ResetCalibration                     0x08001489   Thumb Code    10  stm32f10x_adc.o(i.ADC_ResetCalibration)
    ADC_SoftwareStartConvCmd                 0x08001493   Thumb Code    22  stm32f10x_adc.o(i.ADC_SoftwareStartConvCmd)
    ADC_StartCalibration                     0x080014a9   Thumb Code    10  stm32f10x_adc.o(i.ADC_StartCalibration)
    BusFault_Handler                         0x080014b3   Thumb Code     4  stm32f10x_it.o(i.BusFault_Handler)
    DS18B20_GetTemp                          0x080014b9   Thumb Code    86  temp.o(i.DS18B20_GetTemp)
    DS18B20_Init                             0x08001515   Thumb Code    46  temp.o(i.DS18B20_Init)
    DS18B20_Input                            0x08001549   Thumb Code    24  temp.o(i.DS18B20_Input)
    DS18B20_Output                           0x08001565   Thumb Code    30  temp.o(i.DS18B20_Output)
    DS18B20_ReadBit                          0x08001589   Thumb Code    58  temp.o(i.DS18B20_ReadBit)
    DS18B20_ReadByte                         0x080015c9   Thumb Code    30  temp.o(i.DS18B20_ReadByte)
    DS18B20_Reset                            0x080015e9   Thumb Code    62  temp.o(i.DS18B20_Reset)
    DS18B20_WriteBit                         0x0800162d   Thumb Code    48  temp.o(i.DS18B20_WriteBit)
    DS18B20_WriteByte                        0x08001661   Thumb Code    28  temp.o(i.DS18B20_WriteByte)
    DebugMon_Handler                         0x0800167d   Thumb Code     2  stm32f10x_it.o(i.DebugMon_Handler)
    Delay_ms                                 0x0800167f   Thumb Code    24  delay.o(i.Delay_ms)
    Delay_us                                 0x08001697   Thumb Code    46  delay.o(i.Delay_us)
    GPIO_Init                                0x080016c5   Thumb Code   278  stm32f10x_gpio.o(i.GPIO_Init)
    GPIO_ReadInputDataBit                    0x080017db   Thumb Code    18  stm32f10x_gpio.o(i.GPIO_ReadInputDataBit)
    GPIO_ResetBits                           0x080017ed   Thumb Code     4  stm32f10x_gpio.o(i.GPIO_ResetBits)
    GPIO_SetBits                             0x080017f1   Thumb Code     4  stm32f10x_gpio.o(i.GPIO_SetBits)
    GPIO_WriteBit                            0x080017f5   Thumb Code    10  stm32f10x_gpio.o(i.GPIO_WriteBit)
    HardFault_Handler                        0x080017ff   Thumb Code     4  stm32f10x_it.o(i.HardFault_Handler)
    MemManage_Handler                        0x08001803   Thumb Code     4  stm32f10x_it.o(i.MemManage_Handler)
    NMI_Handler                              0x08001807   Thumb Code     2  stm32f10x_it.o(i.NMI_Handler)
    NVIC_Init                                0x08001809   Thumb Code   100  misc.o(i.NVIC_Init)
    NVIC_PriorityGroupConfig                 0x08001879   Thumb Code    10  misc.o(i.NVIC_PriorityGroupConfig)
    OLED_Clear                               0x0800188d   Thumb Code    42  oled.o(i.OLED_Clear)
    OLED_I2C_Init                            0x080018b9   Thumb Code    76  oled.o(i.OLED_I2C_Init)
    OLED_I2C_SendByte                        0x08001909   Thumb Code    88  oled.o(i.OLED_I2C_SendByte)
    OLED_I2C_Start                           0x08001965   Thumb Code    48  oled.o(i.OLED_I2C_Start)
    OLED_I2C_Stop                            0x08001999   Thumb Code    36  oled.o(i.OLED_I2C_Stop)
    OLED_Init                                0x080019c1   Thumb Code   174  oled.o(i.OLED_Init)
    OLED_Pow                                 0x08001a6f   Thumb Code    20  oled.o(i.OLED_Pow)
    OLED_SetCursor                           0x08001a83   Thumb Code    34  oled.o(i.OLED_SetCursor)
    OLED_ShowChar                            0x08001aa5   Thumb Code   110  oled.o(i.OLED_ShowChar)
    OLED_ShowNum                             0x08001b19   Thumb Code    68  oled.o(i.OLED_ShowNum)
    OLED_ShowString                          0x08001b5d   Thumb Code    40  oled.o(i.OLED_ShowString)
    OLED_WriteCommand                        0x08001b85   Thumb Code    32  oled.o(i.OLED_WriteCommand)
    OLED_WriteData                           0x08001ba5   Thumb Code    32  oled.o(i.OLED_WriteData)
    PendSV_Handler                           0x08001bc5   Thumb Code     2  stm32f10x_it.o(i.PendSV_Handler)
    Pump_GetState                            0x08001bc9   Thumb Code     6  pump.o(i.Pump_GetState)
    Pump_Init                                0x08001bd5   Thumb Code    54  pump.o(i.Pump_Init)
    Pump_OFF                                 0x08001c15   Thumb Code    20  pump.o(i.Pump_OFF)
    Pump_ON                                  0x08001c31   Thumb Code    20  pump.o(i.Pump_ON)
    RCC_APB2PeriphClockCmd                   0x08001c4d   Thumb Code    26  stm32f10x_rcc.o(i.RCC_APB2PeriphClockCmd)
    RCC_GetClocksFreq                        0x08001c6d   Thumb Code   192  stm32f10x_rcc.o(i.RCC_GetClocksFreq)
    SVC_Handler                              0x08001d41   Thumb Code     2  stm32f10x_it.o(i.SVC_Handler)
    SysTick_Handler                          0x08001e2d   Thumb Code     2  stm32f10x_it.o(i.SysTick_Handler)
    SystemInit                               0x08001e31   Thumb Code    78  system_stm32f10x.o(i.SystemInit)
    Turbidity_GetValue                       0x08001e91   Thumb Code    36  turbidity.o(i.Turbidity_GetValue)
    Turbidity_Init                           0x08001eb9   Thumb Code   130  turbidity.o(i.Turbidity_Init)
    USART1_GetCommand                        0x08001f45   Thumb Code    98  usart.o(i.USART1_GetCommand)
    USART1_IRQHandler                        0x08001fb9   Thumb Code    82  usart.o(i.USART1_IRQHandler)
    USART1_Init                              0x0800201d   Thumb Code   158  usart.o(i.USART1_Init)
    USART1_SendByte                          0x080020c5   Thumb Code    28  usart.o(i.USART1_SendByte)
    USART1_SendString                        0x080020e5   Thumb Code    22  usart.o(i.USART1_SendString)
    USART_Cmd                                0x080020fb   Thumb Code    24  stm32f10x_usart.o(i.USART_Cmd)
    USART_GetFlagStatus                      0x08002113   Thumb Code    26  stm32f10x_usart.o(i.USART_GetFlagStatus)
    USART_GetITStatus                        0x0800212d   Thumb Code    84  stm32f10x_usart.o(i.USART_GetITStatus)
    USART_ITConfig                           0x08002181   Thumb Code    74  stm32f10x_usart.o(i.USART_ITConfig)
    USART_Init                               0x080021cd   Thumb Code   210  stm32f10x_usart.o(i.USART_Init)
    USART_ReceiveData                        0x080022a5   Thumb Code    10  stm32f10x_usart.o(i.USART_ReceiveData)
    USART_SendData                           0x080022af   Thumb Code     8  stm32f10x_usart.o(i.USART_SendData)
    UsageFault_Handler                       0x080022b7   Thumb Code     4  stm32f10x_it.o(i.UsageFault_Handler)
    __ARM_fpclassify                         0x080022bb   Thumb Code    40  fpclassify.o(i.__ARM_fpclassify)
    _is_digit                                0x080022e3   Thumb Code    14  __printf_wp.o(i._is_digit)
    main                                     0x080022f1   Thumb Code   440  main.o(i.main)
    _get_lc_numeric                          0x08002565   Thumb Code    44  lc_numeric_c.o(locale$$code)
    __aeabi_d2f                              0x08002591   Thumb Code     0  d2f.o(x$fpl$d2f)
    _d2f                                     0x08002591   Thumb Code    98  d2f.o(x$fpl$d2f)
    __aeabi_ui2d                             0x080025f3   Thumb Code     0  dflt_clz.o(x$fpl$dfltu)
    _dfltu                                   0x080025f3   Thumb Code    38  dflt_clz.o(x$fpl$dfltu)
    __aeabi_dmul                             0x08002619   Thumb Code     0  dmul.o(x$fpl$dmul)
    _dmul                                    0x08002619   Thumb Code   332  dmul.o(x$fpl$dmul)
    __fpl_dnaninf                            0x0800276d   Thumb Code   156  dnaninf.o(x$fpl$dnaninf)
    __fpl_dretinf                            0x08002809   Thumb Code    12  dretinf.o(x$fpl$dretinf)
    __aeabi_f2d                              0x08002815   Thumb Code     0  f2d.o(x$fpl$f2d)
    _f2d                                     0x08002815   Thumb Code    86  f2d.o(x$fpl$f2d)
    __fpl_fcmp_Inf                           0x0800286b   Thumb Code    24  fcmpi.o(x$fpl$fcmpinf)
    __aeabi_f2uiz                            0x08002885   Thumb Code     0  ffixu.o(x$fpl$ffixu)
    _ffixu                                   0x08002885   Thumb Code    62  ffixu.o(x$fpl$ffixu)
    __aeabi_cfcmple                          0x080028c5   Thumb Code     0  fleqf.o(x$fpl$fleqf)
    _fcmple                                  0x080028c5   Thumb Code   104  fleqf.o(x$fpl$fleqf)
    __fpl_fcmple_InfNaN                      0x08002917   Thumb Code     0  fleqf.o(x$fpl$fleqf)
    __aeabi_fmul                             0x0800292d   Thumb Code     0  fmul.o(x$fpl$fmul)
    _fmul                                    0x0800292d   Thumb Code   258  fmul.o(x$fpl$fmul)
    __fpl_fnaninf                            0x08002a2f   Thumb Code   140  fnaninf.o(x$fpl$fnaninf)
    __fpl_fretinf                            0x08002abb   Thumb Code    10  fretinf.o(x$fpl$fretinf)
    __aeabi_cfrcmple                         0x08002ac5   Thumb Code     0  frleqf.o(x$fpl$frleqf)
    _frcmple                                 0x08002ac5   Thumb Code    98  frleqf.o(x$fpl$frleqf)
    _printf_fp_dec                           0x08002b27   Thumb Code     4  printf1.o(x$fpl$printf1)
    OLED_F8x16                               0x08002b2a   Data        1520  oled.o(.constdata)
    __I$use$fp                               0x08002b2a   Number         0  usenofp.o(x$fpl$usenofp)
    Region$$Table$$Base                      0x080031b0   Number         0  anon$$obj.o(Region$$Table)
    Region$$Table$$Limit                     0x080031d0   Number         0  anon$$obj.o(Region$$Table)
    __libspace_start                         0x2000002c   Data          96  libspace.o(.bss)
    __temporary_stack_top$libspace           0x2000008c   Data           0  libspace.o(.bss)



==============================================================================

Memory Map of the image

  Image Entry point : 0x080000ed

  Load Region LR_IROM1 (Base: 0x08000000, Size: 0x00003204, Max: 0x00010000, ABSOLUTE)

    Execution Region ER_IROM1 (Exec base: 0x08000000, Load base: 0x08000000, Size: 0x000031ec, Max: 0x00010000, ABSOLUTE)

    Exec Addr    Load Addr    Size         Type   Attr      Idx    E Section Name        Object

    0x08000000   0x08000000   0x000000ec   Data   RO            3    RESET               startup_stm32f10x_md.o
    0x080000ec   0x080000ec   0x00000008   Code   RO         3861  * !!!main             c_w.l(__main.o)
    0x080000f4   0x080000f4   0x00000034   Code   RO         4105    !!!scatter          c_w.l(__scatter.o)
    0x08000128   0x08000128   0x0000001a   Code   RO         4107    !!handler_copy      c_w.l(__scatter_copy.o)
    0x08000142   0x08000142   0x00000002   PAD
    0x08000144   0x08000144   0x0000001c   Code   RO         4109    !!handler_zi        c_w.l(__scatter_zi.o)
    0x08000160   0x08000160   0x00000000   Code   RO         3856    .ARM.Collect$$_printf_percent$$00000000  c_w.l(_printf_percent.o)
    0x08000160   0x08000160   0x00000006   Code   RO         3855    .ARM.Collect$$_printf_percent$$00000003  c_w.l(_printf_f.o)
    0x08000166   0x08000166   0x00000006   Code   RO         3854    .ARM.Collect$$_printf_percent$$00000009  c_w.l(_printf_d.o)
    0x0800016c   0x0800016c   0x00000004   Code   RO         3894    .ARM.Collect$$_printf_percent$$00000017  c_w.l(_printf_percent_end.o)
    0x08000170   0x08000170   0x00000002   Code   RO         3978    .ARM.Collect$$libinit$$00000000  c_w.l(libinit.o)
    0x08000172   0x08000172   0x00000000   Code   RO         3980    .ARM.Collect$$libinit$$00000002  c_w.l(libinit2.o)
    0x08000172   0x08000172   0x00000000   Code   RO         3982    .ARM.Collect$$libinit$$00000004  c_w.l(libinit2.o)
    0x08000172   0x08000172   0x00000000   Code   RO         3985    .ARM.Collect$$libinit$$0000000A  c_w.l(libinit2.o)
    0x08000172   0x08000172   0x00000000   Code   RO         3987    .ARM.Collect$$libinit$$0000000C  c_w.l(libinit2.o)
    0x08000172   0x08000172   0x00000000   Code   RO         3989    .ARM.Collect$$libinit$$0000000E  c_w.l(libinit2.o)
    0x08000172   0x08000172   0x00000006   Code   RO         3990    .ARM.Collect$$libinit$$0000000F  c_w.l(libinit2.o)
    0x08000178   0x08000178   0x00000000   Code   RO         3992    .ARM.Collect$$libinit$$00000011  c_w.l(libinit2.o)
    0x08000178   0x08000178   0x00000000   Code   RO         3994    .ARM.Collect$$libinit$$00000013  c_w.l(libinit2.o)
    0x08000178   0x08000178   0x00000000   Code   RO         3996    .ARM.Collect$$libinit$$00000015  c_w.l(libinit2.o)
    0x08000178   0x08000178   0x0000000a   Code   RO         3997    .ARM.Collect$$libinit$$00000016  c_w.l(libinit2.o)
    0x08000182   0x08000182   0x00000000   Code   RO         3998    .ARM.Collect$$libinit$$00000017  c_w.l(libinit2.o)
    0x08000182   0x08000182   0x00000000   Code   RO         4000    .ARM.Collect$$libinit$$00000019  c_w.l(libinit2.o)
    0x08000182   0x08000182   0x00000000   Code   RO         4002    .ARM.Collect$$libinit$$0000001B  c_w.l(libinit2.o)
    0x08000182   0x08000182   0x00000000   Code   RO         4004    .ARM.Collect$$libinit$$0000001D  c_w.l(libinit2.o)
    0x08000182   0x08000182   0x00000000   Code   RO         4006    .ARM.Collect$$libinit$$0000001F  c_w.l(libinit2.o)
    0x08000182   0x08000182   0x00000000   Code   RO         4008    .ARM.Collect$$libinit$$00000021  c_w.l(libinit2.o)
    0x08000182   0x08000182   0x00000000   Code   RO         4010    .ARM.Collect$$libinit$$00000023  c_w.l(libinit2.o)
    0x08000182   0x08000182   0x00000000   Code   RO         4012    .ARM.Collect$$libinit$$00000025  c_w.l(libinit2.o)
    0x08000182   0x08000182   0x00000000   Code   RO         4016    .ARM.Collect$$libinit$$0000002C  c_w.l(libinit2.o)
    0x08000182   0x08000182   0x00000000   Code   RO         4018    .ARM.Collect$$libinit$$0000002E  c_w.l(libinit2.o)
    0x08000182   0x08000182   0x00000000   Code   RO         4020    .ARM.Collect$$libinit$$00000030  c_w.l(libinit2.o)
    0x08000182   0x08000182   0x00000000   Code   RO         4022    .ARM.Collect$$libinit$$00000032  c_w.l(libinit2.o)
    0x08000182   0x08000182   0x00000002   Code   RO         4023    .ARM.Collect$$libinit$$00000033  c_w.l(libinit2.o)
    0x08000184   0x08000184   0x00000002   Code   RO         4053    .ARM.Collect$$libshutdown$$00000000  c_w.l(libshutdown.o)
    0x08000186   0x08000186   0x00000000   Code   RO         4064    .ARM.Collect$$libshutdown$$00000002  c_w.l(libshutdown2.o)
    0x08000186   0x08000186   0x00000000   Code   RO         4066    .ARM.Collect$$libshutdown$$00000004  c_w.l(libshutdown2.o)
    0x08000186   0x08000186   0x00000000   Code   RO         4069    .ARM.Collect$$libshutdown$$00000007  c_w.l(libshutdown2.o)
    0x08000186   0x08000186   0x00000000   Code   RO         4072    .ARM.Collect$$libshutdown$$0000000A  c_w.l(libshutdown2.o)
    0x08000186   0x08000186   0x00000000   Code   RO         4074    .ARM.Collect$$libshutdown$$0000000C  c_w.l(libshutdown2.o)
    0x08000186   0x08000186   0x00000000   Code   RO         4077    .ARM.Collect$$libshutdown$$0000000F  c_w.l(libshutdown2.o)
    0x08000186   0x08000186   0x00000002   Code   RO         4078    .ARM.Collect$$libshutdown$$00000010  c_w.l(libshutdown2.o)
    0x08000188   0x08000188   0x00000000   Code   RO         3885    .ARM.Collect$$rtentry$$00000000  c_w.l(__rtentry.o)
    0x08000188   0x08000188   0x00000000   Code   RO         3907    .ARM.Collect$$rtentry$$00000002  c_w.l(__rtentry2.o)
    0x08000188   0x08000188   0x00000006   Code   RO         3919    .ARM.Collect$$rtentry$$00000004  c_w.l(__rtentry4.o)
    0x0800018e   0x0800018e   0x00000000   Code   RO         3909    .ARM.Collect$$rtentry$$00000009  c_w.l(__rtentry2.o)
    0x0800018e   0x0800018e   0x00000004   Code   RO         3910    .ARM.Collect$$rtentry$$0000000A  c_w.l(__rtentry2.o)
    0x08000192   0x08000192   0x00000000   Code   RO         3912    .ARM.Collect$$rtentry$$0000000C  c_w.l(__rtentry2.o)
    0x08000192   0x08000192   0x00000008   Code   RO         3913    .ARM.Collect$$rtentry$$0000000D  c_w.l(__rtentry2.o)
    0x0800019a   0x0800019a   0x00000002   Code   RO         4024    .ARM.Collect$$rtexit$$00000000  c_w.l(rtexit.o)
    0x0800019c   0x0800019c   0x00000000   Code   RO         4031    .ARM.Collect$$rtexit$$00000002  c_w.l(rtexit2.o)
    0x0800019c   0x0800019c   0x00000004   Code   RO         4032    .ARM.Collect$$rtexit$$00000003  c_w.l(rtexit2.o)
    0x080001a0   0x080001a0   0x00000006   Code   RO         4033    .ARM.Collect$$rtexit$$00000004  c_w.l(rtexit2.o)
    0x080001a6   0x080001a6   0x00000002   PAD
    0x080001a8   0x080001a8   0x00000040   Code   RO            4    .text               startup_stm32f10x_md.o
    0x080001e8   0x080001e8   0x00000028   Code   RO         3828    .text               c_w.l(noretval__2sprintf.o)
    0x08000210   0x08000210   0x00000078   Code   RO         3832    .text               c_w.l(_printf_dec.o)
    0x08000288   0x08000288   0x0000010e   Code   RO         3842    .text               c_w.l(__printf_wp.o)
    0x08000396   0x08000396   0x00000002   PAD
    0x08000398   0x08000398   0x00000080   Code   RO         3857    .text               c_w.l(strcmpv7m.o)
    0x08000418   0x08000418   0x00000006   Code   RO         3859    .text               c_w.l(heapauxi.o)
    0x0800041e   0x0800041e   0x000000b2   Code   RO         3886    .text               c_w.l(_printf_intcommon.o)
    0x080004d0   0x080004d0   0x0000041e   Code   RO         3888    .text               c_w.l(_printf_fp_dec.o)
    0x080008ee   0x080008ee   0x00000002   PAD
    0x080008f0   0x080008f0   0x00000030   Code   RO         3890    .text               c_w.l(_printf_char_common.o)
    0x08000920   0x08000920   0x0000000a   Code   RO         3892    .text               c_w.l(_sputc.o)
    0x0800092a   0x0800092a   0x00000002   PAD
    0x0800092c   0x0800092c   0x00000008   Code   RO         3924    .text               c_w.l(rt_locale_intlibspace.o)
    0x08000934   0x08000934   0x0000008a   Code   RO         3926    .text               c_w.l(lludiv10.o)
    0x080009be   0x080009be   0x00000002   PAD
    0x080009c0   0x080009c0   0x00000080   Code   RO         3928    .text               c_w.l(_printf_fp_infnan.o)
    0x08000a40   0x08000a40   0x000000e4   Code   RO         3932    .text               c_w.l(bigflt0.o)
    0x08000b24   0x08000b24   0x00000008   Code   RO         3966    .text               c_w.l(libspace.o)
    0x08000b2c   0x08000b2c   0x0000004a   Code   RO         3969    .text               c_w.l(sys_stackheap_outer.o)
    0x08000b76   0x08000b76   0x00000012   Code   RO         3971    .text               c_w.l(exit.o)
    0x08000b88   0x08000b88   0x0000000c   Code   RO         4043    .text               c_w.l(sys_exit.o)
    0x08000b94   0x08000b94   0x00000002   Code   RO         4054    .text               c_w.l(use_no_semi.o)
    0x08000b96   0x08000b96   0x00000000   Code   RO         4056    .text               c_w.l(indicate_semi.o)
    0x08000b96   0x08000b96   0x0000003e   Code   RO         3935    CL$$btod_d2e        c_w.l(btod.o)
    0x08000bd4   0x08000bd4   0x00000046   Code   RO         3937    CL$$btod_d2e_denorm_low  c_w.l(btod.o)
    0x08000c1a   0x08000c1a   0x00000060   Code   RO         3936    CL$$btod_d2e_norm_op1  c_w.l(btod.o)
    0x08000c7a   0x08000c7a   0x00000338   Code   RO         3945    CL$$btod_div_common  c_w.l(btod.o)
    0x08000fb2   0x08000fb2   0x000000dc   Code   RO         3942    CL$$btod_e2e        c_w.l(btod.o)
    0x0800108e   0x0800108e   0x0000002a   Code   RO         3939    CL$$btod_ediv       c_w.l(btod.o)
    0x080010b8   0x080010b8   0x0000002a   Code   RO         3938    CL$$btod_emul       c_w.l(btod.o)
    0x080010e2   0x080010e2   0x00000244   Code   RO         3944    CL$$btod_mult_common  c_w.l(btod.o)
    0x08001326   0x08001326   0x00000016   Code   RO          202    i.ADC_Cmd           stm32f10x_adc.o
    0x0800133c   0x0800133c   0x00000014   Code   RO          210    i.ADC_GetCalibrationStatus  stm32f10x_adc.o
    0x08001350   0x08001350   0x00000008   Code   RO          211    i.ADC_GetConversionValue  stm32f10x_adc.o
    0x08001358   0x08001358   0x00000012   Code   RO          213    i.ADC_GetFlagStatus  stm32f10x_adc.o
    0x0800136a   0x0800136a   0x00000014   Code   RO          216    i.ADC_GetResetCalibrationStatus  stm32f10x_adc.o
    0x0800137e   0x0800137e   0x00000002   PAD
    0x08001380   0x08001380   0x00000050   Code   RO          220    i.ADC_Init          stm32f10x_adc.o
    0x080013d0   0x080013d0   0x000000b8   Code   RO          224    i.ADC_RegularChannelConfig  stm32f10x_adc.o
    0x08001488   0x08001488   0x0000000a   Code   RO          225    i.ADC_ResetCalibration  stm32f10x_adc.o
    0x08001492   0x08001492   0x00000016   Code   RO          227    i.ADC_SoftwareStartConvCmd  stm32f10x_adc.o
    0x080014a8   0x080014a8   0x0000000a   Code   RO          229    i.ADC_StartCalibration  stm32f10x_adc.o
    0x080014b2   0x080014b2   0x00000004   Code   RO         3761    i.BusFault_Handler  stm32f10x_it.o
    0x080014b6   0x080014b6   0x00000002   PAD
    0x080014b8   0x080014b8   0x0000005c   Code   RO         3480    i.DS18B20_GetTemp   temp.o
    0x08001514   0x08001514   0x00000034   Code   RO         3481    i.DS18B20_Init      temp.o
    0x08001548   0x08001548   0x0000001c   Code   RO         3482    i.DS18B20_Input     temp.o
    0x08001564   0x08001564   0x00000024   Code   RO         3483    i.DS18B20_Output    temp.o
    0x08001588   0x08001588   0x00000040   Code   RO         3484    i.DS18B20_ReadBit   temp.o
    0x080015c8   0x080015c8   0x0000001e   Code   RO         3485    i.DS18B20_ReadByte  temp.o
    0x080015e6   0x080015e6   0x00000002   PAD
    0x080015e8   0x080015e8   0x00000044   Code   RO         3486    i.DS18B20_Reset     temp.o
    0x0800162c   0x0800162c   0x00000034   Code   RO         3487    i.DS18B20_WriteBit  temp.o
    0x08001660   0x08001660   0x0000001c   Code   RO         3488    i.DS18B20_WriteByte  temp.o
    0x0800167c   0x0800167c   0x00000002   Code   RO         3762    i.DebugMon_Handler  stm32f10x_it.o
    0x0800167e   0x0800167e   0x00000018   Code   RO         3196    i.Delay_ms          delay.o
    0x08001696   0x08001696   0x0000002e   Code   RO         3198    i.Delay_us          delay.o
    0x080016c4   0x080016c4   0x00000116   Code   RO         1347    i.GPIO_Init         stm32f10x_gpio.o
    0x080017da   0x080017da   0x00000012   Code   RO         1351    i.GPIO_ReadInputDataBit  stm32f10x_gpio.o
    0x080017ec   0x080017ec   0x00000004   Code   RO         1354    i.GPIO_ResetBits    stm32f10x_gpio.o
    0x080017f0   0x080017f0   0x00000004   Code   RO         1355    i.GPIO_SetBits      stm32f10x_gpio.o
    0x080017f4   0x080017f4   0x0000000a   Code   RO         1358    i.GPIO_WriteBit     stm32f10x_gpio.o
    0x080017fe   0x080017fe   0x00000004   Code   RO         3763    i.HardFault_Handler  stm32f10x_it.o
    0x08001802   0x08001802   0x00000004   Code   RO         3764    i.MemManage_Handler  stm32f10x_it.o
    0x08001806   0x08001806   0x00000002   Code   RO         3765    i.NMI_Handler       stm32f10x_it.o
    0x08001808   0x08001808   0x00000070   Code   RO          137    i.NVIC_Init         misc.o
    0x08001878   0x08001878   0x00000014   Code   RO          138    i.NVIC_PriorityGroupConfig  misc.o
    0x0800188c   0x0800188c   0x0000002a   Code   RO         3289    i.OLED_Clear        oled.o
    0x080018b6   0x080018b6   0x00000002   PAD
    0x080018b8   0x080018b8   0x00000050   Code   RO         3290    i.OLED_I2C_Init     oled.o
    0x08001908   0x08001908   0x0000005c   Code   RO         3291    i.OLED_I2C_SendByte  oled.o
    0x08001964   0x08001964   0x00000034   Code   RO         3292    i.OLED_I2C_Start    oled.o
    0x08001998   0x08001998   0x00000028   Code   RO         3293    i.OLED_I2C_Stop     oled.o
    0x080019c0   0x080019c0   0x000000ae   Code   RO         3294    i.OLED_Init         oled.o
    0x08001a6e   0x08001a6e   0x00000014   Code   RO         3295    i.OLED_Pow          oled.o
    0x08001a82   0x08001a82   0x00000022   Code   RO         3296    i.OLED_SetCursor    oled.o
    0x08001aa4   0x08001aa4   0x00000074   Code   RO         3298    i.OLED_ShowChar     oled.o
    0x08001b18   0x08001b18   0x00000044   Code   RO         3300    i.OLED_ShowNum      oled.o
    0x08001b5c   0x08001b5c   0x00000028   Code   RO         3302    i.OLED_ShowString   oled.o
    0x08001b84   0x08001b84   0x00000020   Code   RO         3303    i.OLED_WriteCommand  oled.o
    0x08001ba4   0x08001ba4   0x00000020   Code   RO         3304    i.OLED_WriteData    oled.o
    0x08001bc4   0x08001bc4   0x00000002   Code   RO         3766    i.PendSV_Handler    stm32f10x_it.o
    0x08001bc6   0x08001bc6   0x00000002   PAD
    0x08001bc8   0x08001bc8   0x0000000c   Code   RO         3629    i.Pump_GetState     pump.o
    0x08001bd4   0x08001bd4   0x00000040   Code   RO         3630    i.Pump_Init         pump.o
    0x08001c14   0x08001c14   0x0000001c   Code   RO         3631    i.Pump_OFF          pump.o
    0x08001c30   0x08001c30   0x0000001c   Code   RO         3632    i.Pump_ON           pump.o
    0x08001c4c   0x08001c4c   0x00000020   Code   RO         1777    i.RCC_APB2PeriphClockCmd  stm32f10x_rcc.o
    0x08001c6c   0x08001c6c   0x000000d4   Code   RO         1785    i.RCC_GetClocksFreq  stm32f10x_rcc.o
    0x08001d40   0x08001d40   0x00000002   Code   RO         3767    i.SVC_Handler       stm32f10x_it.o
    0x08001d42   0x08001d42   0x00000008   Code   RO           24    i.SetSysClock       system_stm32f10x.o
    0x08001d4a   0x08001d4a   0x00000002   PAD
    0x08001d4c   0x08001d4c   0x000000e0   Code   RO           25    i.SetSysClockTo72   system_stm32f10x.o
    0x08001e2c   0x08001e2c   0x00000002   Code   RO         3768    i.SysTick_Handler   stm32f10x_it.o
    0x08001e2e   0x08001e2e   0x00000002   PAD
    0x08001e30   0x08001e30   0x00000060   Code   RO           27    i.SystemInit        system_stm32f10x.o
    0x08001e90   0x08001e90   0x00000028   Code   RO         3664    i.Turbidity_GetValue  turbidity.o
    0x08001eb8   0x08001eb8   0x0000008c   Code   RO         3665    i.Turbidity_Init    turbidity.o
    0x08001f44   0x08001f44   0x00000074   Code   RO         3685    i.USART1_GetCommand  usart.o
    0x08001fb8   0x08001fb8   0x00000064   Code   RO         3686    i.USART1_IRQHandler  usart.o
    0x0800201c   0x0800201c   0x000000a8   Code   RO         3687    i.USART1_Init       usart.o
    0x080020c4   0x080020c4   0x00000020   Code   RO         3688    i.USART1_SendByte   usart.o
    0x080020e4   0x080020e4   0x00000016   Code   RO         3689    i.USART1_SendString  usart.o
    0x080020fa   0x080020fa   0x00000018   Code   RO         2960    i.USART_Cmd         stm32f10x_usart.o
    0x08002112   0x08002112   0x0000001a   Code   RO         2963    i.USART_GetFlagStatus  stm32f10x_usart.o
    0x0800212c   0x0800212c   0x00000054   Code   RO         2964    i.USART_GetITStatus  stm32f10x_usart.o
    0x08002180   0x08002180   0x0000004a   Code   RO         2966    i.USART_ITConfig    stm32f10x_usart.o
    0x080021ca   0x080021ca   0x00000002   PAD
    0x080021cc   0x080021cc   0x000000d8   Code   RO         2967    i.USART_Init        stm32f10x_usart.o
    0x080022a4   0x080022a4   0x0000000a   Code   RO         2974    i.USART_ReceiveData  stm32f10x_usart.o
    0x080022ae   0x080022ae   0x00000008   Code   RO         2977    i.USART_SendData    stm32f10x_usart.o
    0x080022b6   0x080022b6   0x00000004   Code   RO         3769    i.UsageFault_Handler  stm32f10x_it.o
    0x080022ba   0x080022ba   0x00000028   Code   RO         3964    i.__ARM_fpclassify  m_ws.l(fpclassify.o)
    0x080022e2   0x080022e2   0x0000000e   Code   RO         3844    i._is_digit         c_w.l(__printf_wp.o)
    0x080022f0   0x080022f0   0x00000274   Code   RO         3727    i.main              main.o
    0x08002564   0x08002564   0x0000002c   Code   RO         3958    locale$$code        c_w.l(lc_numeric_c.o)
    0x08002590   0x08002590   0x00000062   Code   RO         3863    x$fpl$d2f           fz_ws.l(d2f.o)
    0x080025f2   0x080025f2   0x00000026   Code   RO         3865    x$fpl$dfltu         fz_ws.l(dflt_clz.o)
    0x08002618   0x08002618   0x00000154   Code   RO         3871    x$fpl$dmul          fz_ws.l(dmul.o)
    0x0800276c   0x0800276c   0x0000009c   Code   RO         3895    x$fpl$dnaninf       fz_ws.l(dnaninf.o)
    0x08002808   0x08002808   0x0000000c   Code   RO         3897    x$fpl$dretinf       fz_ws.l(dretinf.o)
    0x08002814   0x08002814   0x00000056   Code   RO         3873    x$fpl$f2d           fz_ws.l(f2d.o)
    0x0800286a   0x0800286a   0x00000018   Code   RO         3960    x$fpl$fcmpinf       fz_ws.l(fcmpi.o)
    0x08002882   0x08002882   0x00000002   PAD
    0x08002884   0x08002884   0x0000003e   Code   RO         3875    x$fpl$ffixu         fz_ws.l(ffixu.o)
    0x080028c2   0x080028c2   0x00000002   PAD
    0x080028c4   0x080028c4   0x00000068   Code   RO         3899    x$fpl$fleqf         fz_ws.l(fleqf.o)
    0x0800292c   0x0800292c   0x00000102   Code   RO         3879    x$fpl$fmul          fz_ws.l(fmul.o)
    0x08002a2e   0x08002a2e   0x0000008c   Code   RO         3901    x$fpl$fnaninf       fz_ws.l(fnaninf.o)
    0x08002aba   0x08002aba   0x0000000a   Code   RO         3903    x$fpl$fretinf       fz_ws.l(fretinf.o)
    0x08002ac4   0x08002ac4   0x00000062   Code   RO         3881    x$fpl$frleqf        fz_ws.l(frleqf.o)
    0x08002b26   0x08002b26   0x00000004   Code   RO         3883    x$fpl$printf1       fz_ws.l(printf1.o)
    0x08002b2a   0x08002b2a   0x00000000   Code   RO         3905    x$fpl$usenofp       fz_ws.l(usenofp.o)
    0x08002b2a   0x08002b2a   0x000005f0   Data   RO         3305    .constdata          oled.o
    0x0800311a   0x0800311a   0x00000002   PAD
    0x0800311c   0x0800311c   0x00000094   Data   RO         3933    .constdata          c_w.l(bigflt0.o)
    0x080031b0   0x080031b0   0x00000020   Data   RO         4103    Region$$Table       anon$$obj.o
    0x080031d0   0x080031d0   0x0000001c   Data   RO         3957    locale$$data        c_w.l(lc_numeric_c.o)


    Execution Region RW_IRAM1 (Exec base: 0x20000000, Load base: 0x080031ec, Size: 0x00000690, Max: 0x00005000, ABSOLUTE)

    Exec Addr    Load Addr    Size         Type   Attr      Idx    E Section Name        Object

    0x20000000   0x080031ec   0x00000014   Data   RW         1805    .data               stm32f10x_rcc.o
    0x20000014   0x08003200   0x00000001   Data   RW         3633    .data               pump.o
    0x20000015   0x08003201   0x00000002   Data   RW         3691    .data               usart.o
    0x20000017   0x08003203   0x00000001   PAD
    0x20000018        -       0x00000014   Zero   RW         3690    .bss                usart.o
    0x2000002c        -       0x00000060   Zero   RW         3967    .bss                c_w.l(libspace.o)
    0x2000008c   0x08003203   0x00000004   PAD
    0x20000090        -       0x00000200   Zero   RW            2    HEAP                startup_stm32f10x_md.o
    0x20000290        -       0x00000400   Zero   RW            1    STACK               startup_stm32f10x_md.o


==============================================================================

Image component sizes


      Code (inc. data)   RO Data    RW Data    ZI Data      Debug   Object Name

         0          0          0          0          0       4500   core_cm3.o
        70          0          0          0          0        858   delay.o
       628        188          0          0          0        871   main.o
       132         22          0          0          0     204583   misc.o
       822         22       1520          0          0      15469   oled.o
       132         32          0          1          0       1765   pump.o
        64         26        236          0       1536        788   startup_stm32f10x_md.o
       394         10          0          0          0      16241   stm32f10x_adc.o
       314          0          0          0          0      12104   stm32f10x_gpio.o
        26          0          0          0          0       3442   stm32f10x_it.o
       244         26          0         20          0      12273   stm32f10x_rcc.o
       442          6          0          0          0      11581   stm32f10x_usart.o
       328         28          0          0          0      10377   system_stm32f10x.o
       450         38          0          0          0     230750   temp.o
       180         14          0          0          0       1058   turbidity.o
       438         50          0          2         20       3176   usart.o

    ----------------------------------------------------------------------
      4680        462       1790         24       1556     529836   Object Totals
         0          0         32          0          0          0   (incl. Generated)
        16          0          2          1          0          0   (incl. Padding)

    ----------------------------------------------------------------------

      Code (inc. data)   RO Data    RW Data    ZI Data      Debug   Library Member Name

         8          0          0          0          0         68   __main.o
       284          0          0          0          0        156   __printf_wp.o
         0          0          0          0          0          0   __rtentry.o
        12          0          0          0          0          0   __rtentry2.o
         6          0          0          0          0          0   __rtentry4.o
        52          8          0          0          0          0   __scatter.o
        26          0          0          0          0          0   __scatter_copy.o
        28          0          0          0          0          0   __scatter_zi.o
        48          6          0          0          0         96   _printf_char_common.o
         6          0          0          0          0          0   _printf_d.o
       120         16          0          0          0         92   _printf_dec.o
         6          0          0          0          0          0   _printf_f.o
      1054          0          0          0          0        216   _printf_fp_dec.o
       128         16          0          0          0         84   _printf_fp_infnan.o
       178          0          0          0          0         88   _printf_intcommon.o
         0          0          0          0          0          0   _printf_percent.o
         4          0          0          0          0          0   _printf_percent_end.o
        10          0          0          0          0         68   _sputc.o
       228          4        148          0          0         96   bigflt0.o
      1936        128          0          0          0        672   btod.o
        18          0          0          0          0         80   exit.o
         6          0          0          0          0        152   heapauxi.o
         0          0          0          0          0          0   indicate_semi.o
        44         10         28          0          0         76   lc_numeric_c.o
         2          0          0          0          0          0   libinit.o
        18          0          0          0          0          0   libinit2.o
         2          0          0          0          0          0   libshutdown.o
         2          0          0          0          0          0   libshutdown2.o
         8          4          0          0         96         68   libspace.o
       138          0          0          0          0         80   lludiv10.o
        40          6          0          0          0         84   noretval__2sprintf.o
         8          4          0          0          0         68   rt_locale_intlibspace.o
         2          0          0          0          0          0   rtexit.o
        10          0          0          0          0          0   rtexit2.o
       128          0          0          0          0         68   strcmpv7m.o
        12          4          0          0          0         68   sys_exit.o
        74          0          0          0          0         80   sys_stackheap_outer.o
         2          0          0          0          0         68   use_no_semi.o
        98          4          0          0          0         92   d2f.o
        38          0          0          0          0         68   dflt_clz.o
       340         12          0          0          0        104   dmul.o
       156          4          0          0          0         92   dnaninf.o
        12          0          0          0          0         68   dretinf.o
        86          4          0          0          0         84   f2d.o
        24          0          0          0          0         68   fcmpi.o
        62          4          0          0          0         84   ffixu.o
       104          4          0          0          0         84   fleqf.o
       258          4          0          0          0         84   fmul.o
       140          4          0          0          0         84   fnaninf.o
        10          0          0          0          0         68   fretinf.o
        98          0          0          0          0         68   frleqf.o
         4          0          0          0          0         68   printf1.o
         0          0          0          0          0          0   usenofp.o
        40          0          0          0          0         68   fpclassify.o

    ----------------------------------------------------------------------
      6134        246        176          0        100       3712   Library Totals
        16          0          0          0          4          0   (incl. Padding)

    ----------------------------------------------------------------------

      Code (inc. data)   RO Data    RW Data    ZI Data      Debug   Library Name

      4648        206        176          0         96       2528   c_w.l
      1430         40          0          0          0       1116   fz_ws.l
        40          0          0          0          0         68   m_ws.l

    ----------------------------------------------------------------------
      6134        246        176          0        100       3712   Library Totals

    ----------------------------------------------------------------------

==============================================================================


      Code (inc. data)   RO Data    RW Data    ZI Data      Debug   

     10814        708       1966         24       1656     527824   Grand Totals
     10814        708       1966         24       1656     527824   ELF Image Totals
     10814        708       1966         24          0          0   ROM Totals

==============================================================================

    Total RO  Size (Code + RO Data)                12780 (  12.48kB)
    Total RW  Size (RW Data + ZI Data)              1680 (   1.64kB)
    Total ROM Size (Code + RO Data + RW Data)      12804 (  12.50kB)

==============================================================================

